Archive member included to satisfy reference by file (symbol)

c:/nxp/s32ds.3.5/s32ds/build_tools/gcc_v10.2/gcc-10.2-arm32-eabi/bin/../lib/gcc/arm-none-eabi/10.2.0/../../../../arm-none-eabi/lib/thumb/v7e-m+fp/hard\libc_nano.a(lib_a-memmove.o)
                              ./RTD/src/Siul2_Port_Ip.o (memmove)
c:/nxp/s32ds.3.5/s32ds/build_tools/gcc_v10.2/gcc-10.2-arm32-eabi/bin/../lib/gcc/arm-none-eabi/10.2.0/../../../../arm-none-eabi/lib/thumb/v7e-m+fp/hard\libc_nano.a(lib_a-memset.o)
                              ./Project_Settings/Startup_Code/startup.o (memset)

Discarded input sections

 .group         0x00000000        0xc ./Project_Settings/Startup_Code/exceptions.o
 .group         0x00000000        0xc ./Project_Settings/Startup_Code/exceptions.o
 .group         0x00000000        0xc ./Project_Settings/Startup_Code/exceptions.o
 .group         0x00000000        0xc ./Project_Settings/Startup_Code/exceptions.o
 .group         0x00000000        0xc ./Project_Settings/Startup_Code/exceptions.o
 .group         0x00000000        0xc ./Project_Settings/Startup_Code/exceptions.o
 .group         0x00000000        0xc ./Project_Settings/Startup_Code/exceptions.o
 .group         0x00000000        0xc ./Project_Settings/Startup_Code/exceptions.o
 .group         0x00000000        0xc ./Project_Settings/Startup_Code/exceptions.o
 .group         0x00000000        0xc ./Project_Settings/Startup_Code/exceptions.o
 .group         0x00000000        0xc ./Project_Settings/Startup_Code/exceptions.o
 .group         0x00000000        0xc ./Project_Settings/Startup_Code/exceptions.o
 .group         0x00000000        0xc ./Project_Settings/Startup_Code/exceptions.o
 .group         0x00000000        0xc ./Project_Settings/Startup_Code/exceptions.o
 .group         0x00000000        0xc ./Project_Settings/Startup_Code/exceptions.o
 .group         0x00000000        0xc ./Project_Settings/Startup_Code/exceptions.o
 .group         0x00000000        0xc ./Project_Settings/Startup_Code/exceptions.o
 .group         0x00000000        0xc ./Project_Settings/Startup_Code/exceptions.o
 .group         0x00000000        0xc ./Project_Settings/Startup_Code/exceptions.o
 .group         0x00000000        0xc ./Project_Settings/Startup_Code/exceptions.o
 .group         0x00000000        0xc ./Project_Settings/Startup_Code/exceptions.o
 .group         0x00000000        0xc ./Project_Settings/Startup_Code/exceptions.o
 .group         0x00000000        0xc ./Project_Settings/Startup_Code/exceptions.o
 .group         0x00000000        0xc ./Project_Settings/Startup_Code/exceptions.o
 .group         0x00000000        0xc ./Project_Settings/Startup_Code/exceptions.o
 .group         0x00000000        0xc ./Project_Settings/Startup_Code/exceptions.o
 .group         0x00000000        0xc ./Project_Settings/Startup_Code/nvic.o
 .group         0x00000000        0xc ./Project_Settings/Startup_Code/nvic.o
 .group         0x00000000        0xc ./Project_Settings/Startup_Code/nvic.o
 .group         0x00000000        0xc ./Project_Settings/Startup_Code/nvic.o
 .group         0x00000000        0xc ./Project_Settings/Startup_Code/nvic.o
 .group         0x00000000        0xc ./Project_Settings/Startup_Code/nvic.o
 .group         0x00000000        0xc ./Project_Settings/Startup_Code/nvic.o
 .group         0x00000000        0xc ./Project_Settings/Startup_Code/nvic.o
 .group         0x00000000        0xc ./Project_Settings/Startup_Code/nvic.o
 .group         0x00000000        0xc ./Project_Settings/Startup_Code/nvic.o
 .group         0x00000000        0xc ./Project_Settings/Startup_Code/nvic.o
 .group         0x00000000        0xc ./Project_Settings/Startup_Code/nvic.o
 .group         0x00000000        0xc ./Project_Settings/Startup_Code/nvic.o
 .group         0x00000000        0xc ./Project_Settings/Startup_Code/nvic.o
 .group         0x00000000        0xc ./Project_Settings/Startup_Code/nvic.o
 .group         0x00000000        0xc ./Project_Settings/Startup_Code/nvic.o
 .group         0x00000000        0xc ./Project_Settings/Startup_Code/nvic.o
 .group         0x00000000        0xc ./Project_Settings/Startup_Code/nvic.o
 .group         0x00000000        0xc ./Project_Settings/Startup_Code/nvic.o
 .group         0x00000000        0xc ./Project_Settings/Startup_Code/nvic.o
 .group         0x00000000        0xc ./Project_Settings/Startup_Code/nvic.o
 .group         0x00000000        0xc ./Project_Settings/Startup_Code/nvic.o
 .group         0x00000000        0xc ./Project_Settings/Startup_Code/nvic.o
 .group         0x00000000        0xc ./Project_Settings/Startup_Code/nvic.o
 .group         0x00000000        0xc ./Project_Settings/Startup_Code/nvic.o
 .group         0x00000000        0xc ./Project_Settings/Startup_Code/nvic.o
 .group         0x00000000        0xc ./Project_Settings/Startup_Code/nvic.o
 .group         0x00000000        0xc ./Project_Settings/Startup_Code/nvic.o
 .group         0x00000000        0xc ./Project_Settings/Startup_Code/nvic.o
[...]
Memory Configuration

Name             Origin             Length             Attributes
int_flash_c0     0x00400000         0x00100000
int_flash_c1     0x00500000         0x000d4000
int_itcm         0x00000000         0x00008000
int_dtcm         0x20000000         0x0000f000
int_stack_dtcm   0x2000f000         0x00001000
int_sram_c0      0x20400000         0x00003f00
int_sram_fls_rsv_c0 0x20403f00         0x00000100
int_sram_no_cacheable_c0 0x20404000         0x00002000
ram_end_c0       0x20406000         0x00000000
int_sram_c1      0x20406000         0x00001f00
int_sram_fls_rsv_c1 0x20407f00         0x00000100
int_sram_no_cacheable_c1 0x20408000         0x00004000
ram_end_c1       0x2040c000         0x00000000
int_sram_shareable 0x2040c000         0x00004000
ram_rsvd2        0x20410000         0x00000000
*default*        0x00000000         0xffffffff

Linker script and memory map

LOAD ./Project_Settings/Startup_Code/Vector_Table.o
LOAD ./Project_Settings/Startup_Code/exceptions.o
LOAD ./Project_Settings/Startup_Code/nvic.o
LOAD ./Project_Settings/Startup_Code/startup.o
LOAD ./Project_Settings/Startup_Code/startup_cm7.o
LOAD ./Project_Settings/Startup_Code/system.o
LOAD ./RTD/src/Clock_Ip.o
LOAD ./RTD/src/Clock_Ip_Data.o
LOAD ./RTD/src/Clock_Ip_Divider.o
LOAD ./RTD/src/Clock_Ip_DividerTrigger.o
LOAD ./RTD/src/Clock_Ip_ExtOsc.o
LOAD ./RTD/src/Clock_Ip_FracDiv.o
LOAD ./RTD/src/Clock_Ip_Frequency.o
LOAD ./RTD/src/Clock_Ip_Gate.o
LOAD ./RTD/src/Clock_Ip_IntOsc.o
LOAD ./RTD/src/Clock_Ip_Irq.o
LOAD ./RTD/src/Clock_Ip_Monitor.o
LOAD ./RTD/src/Clock_Ip_Pll.o
LOAD ./RTD/src/Clock_Ip_ProgFreqSwitch.o
LOAD ./RTD/src/Clock_Ip_Selector.o
LOAD ./RTD/src/Clock_Ip_Specific.o
LOAD ./RTD/src/Det.o
LOAD ./RTD/src/Det_stub.o
LOAD ./RTD/src/Dio.o
LOAD ./RTD/src/Dio_Ipw.o
LOAD ./RTD/src/Igf_Port_Ip.o
LOAD ./RTD/src/Mcu.o
LOAD ./RTD/src/Mcu_Dem_Wrapper.o
LOAD ./RTD/src/Mcu_Ipw.o
LOAD ./RTD/src/OsIf_Interrupts.o
LOAD ./RTD/src/OsIf_Timer.o
LOAD ./RTD/src/OsIf_Timer_System.o
LOAD ./RTD/src/OsIf_Timer_System_Internal_Systick.o
LOAD ./RTD/src/Port.o
LOAD ./RTD/src/Port_Ipw.o
LOAD ./RTD/src/Power_Ip.o
LOAD ./RTD/src/Power_Ip_AEC.o
LOAD ./RTD/src/Power_Ip_CortexM7.o
LOAD ./RTD/src/Power_Ip_DCM_GPR.o
LOAD ./RTD/src/Power_Ip_FLASH.o
LOAD ./RTD/src/Power_Ip_MC_ME.o
LOAD ./RTD/src/Power_Ip_MC_RGM.o
LOAD ./RTD/src/Power_Ip_MC_RGM_Irq.o
LOAD ./RTD/src/Power_Ip_PMC.o
LOAD ./RTD/src/Power_Ip_PMC_Irq.o
LOAD ./RTD/src/Power_Ip_Private.o
LOAD ./RTD/src/Ram_Ip.o
LOAD ./RTD/src/SchM_Dio.o
LOAD ./RTD/src/SchM_Mcu.o
LOAD ./RTD/src/SchM_Port.o
LOAD ./RTD/src/Siul2_Dio_Ip.o
LOAD ./RTD/src/Siul2_Port_Ip.o
LOAD ./RTD/src/Tspc_Port_Ip.o
LOAD ./board/Siul2_Port_Ip_Cfg.o
LOAD ./board/Tspc_Port_Ip_Cfg.o
LOAD ./generate/src/Clock_Ip_BOARD_InitPeripherals_PBcfg.o
LOAD ./generate/src/Clock_Ip_Cfg.o
LOAD ./generate/src/Dio_Cfg.o
LOAD ./generate/src/Igf_Port_Ip_BOARD_InitPeripherals_PBcfg.o
LOAD ./generate/src/Igf_Port_Ip_Cfg.o
LOAD ./generate/src/Mcu_BOARD_InitPeripherals_PBcfg.o
LOAD ./generate/src/Mcu_Cfg.o
LOAD ./generate/src/OsIf_Cfg.o
LOAD ./generate/src/Port_BOARD_InitPeripherals_PBcfg.o
LOAD ./generate/src/Port_Cfg.o
LOAD ./generate/src/Power_Ip_BOARD_InitPeripherals_PBcfg.o
LOAD ./generate/src/Power_Ip_Cfg.o
LOAD ./generate/src/Ram_Ip_BOARD_InitPeripherals_PBcfg.o
LOAD ./generate/src/Ram_Ip_Cfg.o
LOAD ./generate/src/Siul2_Port_Ip_BOARD_InitPeripherals_PBcfg.o
LOAD ./generate/src/Tspc_Port_Ip_BOARD_InitPeripherals_PBcfg.o
LOAD ./src/main.o
LOAD c:/nxp/s32ds.3.5/s32ds/build_tools/gcc_v10.2/gcc-10.2-arm32-eabi/bin/../lib/gcc/arm-none-eabi/10.2.0/../../../../arm-none-eabi/lib/thumb/v7e-m+fp/hard\libc_nano.a
LOAD c:/nxp/s32ds.3.5/s32ds/build_tools/gcc_v10.2/gcc-10.2-arm32-eabi/bin/../lib/gcc/arm-none-eabi/10.2.0/../../../../arm-none-eabi/lib/thumb/v7e-m+fp/hard\libm.a
LOAD c:/nxp/s32ds.3.5/s32ds/build_tools/gcc_v10.2/gcc-10.2-arm32-eabi/bin/../lib/gcc/arm-none-eabi/10.2.0/thumb/v7e-m+fp/hard\libgcc.a
START GROUP
LOAD c:/nxp/s32ds.3.5/s32ds/build_tools/gcc_v10.2/gcc-10.2-arm32-eabi/bin/../lib/gcc/arm-none-eabi/10.2.0/thumb/v7e-m+fp/hard\libgcc.a
LOAD c:/nxp/s32ds.3.5/s32ds/build_tools/gcc_v10.2/gcc-10.2-arm32-eabi/bin/../lib/gcc/arm-none-eabi/10.2.0/../../../../arm-none-eabi/lib/thumb/v7e-m+fp/hard\libg_nano.a
LOAD c:/nxp/s32ds.3.5/s32ds/build_tools/gcc_v10.2/gcc-10.2-arm32-eabi/bin/../lib/gcc/arm-none-eabi/10.2.0/../../../../arm-none-eabi/lib/thumb/v7e-m+fp/hard\libc_nano.a
END GROUP
START GROUP
LOAD c:/nxp/s32ds.3.5/s32ds/build_tools/gcc_v10.2/gcc-10.2-arm32-eabi/bin/../lib/gcc/arm-none-eabi/10.2.0/thumb/v7e-m+fp/hard\libgcc.a
LOAD c:/nxp/s32ds.3.5/s32ds/build_tools/gcc_v10.2/gcc-10.2-arm32-eabi/bin/../lib/gcc/arm-none-eabi/10.2.0/../../../../arm-none-eabi/lib/thumb/v7e-m+fp/hard\libc_nano.a
LOAD c:/nxp/s32ds.3.5/s32ds/build_tools/gcc_v10.2/gcc-10.2-arm32-eabi/bin/../lib/gcc/arm-none-eabi/10.2.0/../../../../arm-none-eabi/lib/thumb/v7e-m+fp/hard\libnosys.a
END GROUP
START GROUP
LOAD c:/nxp/s32ds.3.5/s32ds/build_tools/gcc_v10.2/gcc-10.2-arm32-eabi/bin/../lib/gcc/arm-none-eabi/10.2.0/thumb/v7e-m+fp/hard\libgcc.a
LOAD c:/nxp/s32ds.3.5/s32ds/build_tools/gcc_v10.2/gcc-10.2-arm32-eabi/bin/../lib/gcc/arm-none-eabi/10.2.0/../../../../arm-none-eabi/lib/thumb/v7e-m+fp/hard\libc_nano.a
LOAD c:/nxp/s32ds.3.5/s32ds/build_tools/gcc_v10.2/gcc-10.2-arm32-eabi/bin/../lib/gcc/arm-none-eabi/10.2.0/../../../../arm-none-eabi/lib/thumb/v7e-m+fp/hard\libnosys.a
END GROUP
                0x00001000                HEAP_SIZE = DEFINED (__heap_size__)?__heap_size__:0x1000

.flash          0x00500000     0x8ba8
                0x00500000                . = ALIGN (0x800)
                0x00500000                __text_start = .
                0x00500000                __interrupts_init_start = .
 *(.intc_vector)
 .intc_vector   0x00500000      0x408 ./Project_Settings/Startup_Code/Vector_Table.o
                0x00500000                VTABLE
                0x00500408                . = ALIGN (0x4)
                0x00500408                __interrupts_init_end = .
 *(.core_loop)
 .core_loop     0x00500408        0xc ./Project_Settings/Startup_Code/startup_cm7.o
                0x00500408                _core_loop
                0x00500414                . = ALIGN (0x4)
 *(.startup)
 *fill*         0x00500414        0xc 
 .startup       0x00500420      0x190 ./Project_Settings/Startup_Code/startup_cm7.o
                0x00500420                Reset_Handler
                0x00500420                _start
                0x00500540                MCAL_LTB_TRACE_OFF
                0x00500542                _end_of_eunit_test
                0x005005b0                . = ALIGN (0x4)
 *(.text.startup)
 .text.startup  0x005005b0       0x54 ./src/main.o
                0x005005b0                main
                0x00500604                . = ALIGN (0x4)
 *(.text)
 .text          0x00500604        0x0 ./Project_Settings/Startup_Code/Vector_Table.o
 .text          0x00500604        0x0 ./Project_Settings/Startup_Code/exceptions.o
 .text          0x00500604        0x0 ./Project_Settings/Startup_Code/nvic.o
 .text          0x00500604        0x0 ./Project_Settings/Startup_Code/startup.o
 .text          0x00500604        0x0 ./Project_Settings/Startup_Code/startup_cm7.o
 .text          0x00500604       0x10 ./Project_Settings/Startup_Code/system.o
                0x00500604                Sys_GetCoreID
 .text          0x00500614        0x0 ./RTD/src/Clock_Ip.o
 .text          0x00500614        0x0 ./RTD/src/Clock_Ip_Data.o
 .text          0x00500614        0x0 ./RTD/src/Clock_Ip_Divider.o
 .text          0x00500614        0x0 ./RTD/src/Clock_Ip_DividerTrigger.o
 .text          0x00500614        0x0 ./RTD/src/Clock_Ip_ExtOsc.o
 .text          0x00500614        0x0 ./RTD/src/Clock_Ip_FracDiv.o
 .text          0x00500614        0x0 ./RTD/src/Clock_Ip_Frequency.o
 .text          0x00500614        0x0 ./RTD/src/Clock_Ip_Gate.o
 .text          0x00500614        0x0 ./RTD/src/Clock_Ip_IntOsc.o
 .text          0x00500614        0x0 ./RTD/src/Clock_Ip_Irq.o
 .text          0x00500614        0x0 ./RTD/src/Clock_Ip_Monitor.o
 .text          0x00500614        0x0 ./RTD/src/Clock_Ip_Pll.o
 .text          0x00500614        0x0 ./RTD/src/Clock_Ip_ProgFreqSwitch.o
 .text          0x00500614        0x0 ./RTD/src/Clock_Ip_Selector.o
 .text          0x00500614        0x0 ./RTD/src/Clock_Ip_Specific.o
 .text          0x00500614        0x0 ./RTD/src/Det.o
 .text          0x00500614        0x0 ./RTD/src/Det_stub.o
 .text          0x00500614        0x0 ./RTD/src/Dio.o
 .text          0x00500614        0x0 ./RTD/src/Dio_Ipw.o
 .text          0x00500614        0x0 ./RTD/src/Igf_Port_Ip.o
 .text          0x00500614        0x0 ./RTD/src/Mcu.o
 .text          0x00500614        0x0 ./RTD/src/Mcu_Dem_Wrapper.o
 .text          0x00500614        0x0 ./RTD/src/Mcu_Ipw.o
 .text          0x00500614        0x0 ./RTD/src/OsIf_Interrupts.o
 .text          0x00500614        0x0 ./RTD/src/OsIf_Timer.o
 .text          0x00500614        0x0 ./RTD/src/OsIf_Timer_System.o
 .text          0x00500614        0x0 ./RTD/src/OsIf_Timer_System_Internal_Systick.o
 .text          0x00500614        0x0 ./RTD/src/Port.o
 .text          0x00500614      0x3b0 ./RTD/src/Port_Ipw.o
                0x00500614                Port_Ipw_Init
                0x005006a4                Port_Ipw_SetPinDirection
                0x00500748                Port_Ipw_SetPinMode
                0x00500954                Port_Ipw_RefreshPortDirection
 .text          0x005009c4        0x0 ./RTD/src/Power_Ip.o
 .text          0x005009c4        0x0 ./RTD/src/Power_Ip_AEC.o
 .text          0x005009c4        0x0 ./RTD/src/Power_Ip_CortexM7.o
 .text          0x005009c4        0x0 ./RTD/src/Power_Ip_DCM_GPR.o
 .text          0x005009c4        0x0 ./RTD/src/Power_Ip_FLASH.o
 .text          0x005009c4        0x0 ./RTD/src/Power_Ip_MC_ME.o
 .text          0x005009c4        0x0 ./RTD/src/Power_Ip_MC_RGM.o
 .text          0x005009c4        0x0 ./RTD/src/Power_Ip_MC_RGM_Irq.o
 .text          0x005009c4        0x0 ./RTD/src/Power_Ip_PMC.o
 .text          0x005009c4        0x0 ./RTD/src/Power_Ip_PMC_Irq.o
 .text          0x005009c4        0x0 ./RTD/src/Power_Ip_Private.o
 .text          0x005009c4        0x0 ./RTD/src/Ram_Ip.o
 .text          0x005009c4        0x6 ./RTD/src/SchM_Dio.o
                0x005009c4                Dio_schm_read_msr
 .text          0x005009ca        0x6 ./RTD/src/SchM_Mcu.o
                0x005009ca                Mcu_schm_read_msr
 .text          0x005009d0        0x6 ./RTD/src/SchM_Port.o
                0x005009d0                Port_schm_read_msr
 .text          0x005009d6        0x0 ./RTD/src/Siul2_Dio_Ip.o
 .text          0x005009d6        0x0 ./RTD/src/Siul2_Port_Ip.o
 .text          0x005009d6        0x0 ./RTD/src/Tspc_Port_Ip.o
 .text          0x005009d6        0x0 ./board/Siul2_Port_Ip_Cfg.o
 .text          0x005009d6        0x0 ./board/Tspc_Port_Ip_Cfg.o
 .text          0x005009d6        0x0 ./generate/src/Clock_Ip_BOARD_InitPeripherals_PBcfg.o
 .text          0x005009d6        0x0 ./generate/src/Clock_Ip_Cfg.o
 .text          0x005009d6        0x0 ./generate/src/Dio_Cfg.o
 .text          0x005009d6        0x0 ./generate/src/Igf_Port_Ip_BOARD_InitPeripherals_PBcfg.o
 .text          0x005009d6        0x0 ./generate/src/Igf_Port_Ip_Cfg.o
 .text          0x005009d6        0x0 ./generate/src/Mcu_BOARD_InitPeripherals_PBcfg.o
 .text          0x005009d6        0x0 ./generate/src/Mcu_Cfg.o
 .text          0x005009d6        0x0 ./generate/src/OsIf_Cfg.o
 .text          0x005009d6        0x0 ./generate/src/Port_BOARD_InitPeripherals_PBcfg.o
 .text          0x005009d6        0x0 ./generate/src/Port_Cfg.o
 .text          0x005009d6        0x0 ./generate/src/Power_Ip_BOARD_InitPeripherals_PBcfg.o
 .text          0x005009d6        0x0 ./generate/src/Power_Ip_Cfg.o
 .text          0x005009d6        0x0 ./generate/src/Ram_Ip_BOARD_InitPeripherals_PBcfg.o
 .text          0x005009d6        0x0 ./generate/src/Ram_Ip_Cfg.o
 .text          0x005009d6        0x0 ./generate/src/Siul2_Port_Ip_BOARD_InitPeripherals_PBcfg.o
 .text          0x005009d6        0x0 ./generate/src/Tspc_Port_Ip_BOARD_InitPeripherals_PBcfg.o
 *fill*         0x005009d6        0x2 
 .text          0x005009d8       0x1c ./src/main.o
                0x005009d8                TestDelay
 .text          0x005009f4        0x0 c:/nxp/s32ds.3.5/s32ds/build_tools/gcc_v10.2/gcc-10.2-arm32-eabi/bin/../lib/gcc/arm-none-eabi/10.2.0/../../../../arm-none-eabi/lib/thumb/v7e-m+fp/hard\libc_nano.a(lib_a-memmove.o)
 .text          0x005009f4        0x0 c:/nxp/s32ds.3.5/s32ds/build_tools/gcc_v10.2/gcc-10.2-arm32-eabi/bin/../lib/gcc/arm-none-eabi/10.2.0/../../../../arm-none-eabi/lib/thumb/v7e-m+fp/hard\libc_nano.a(lib_a-memset.o)
 *(.text*)
 .text.memmove  0x005009f4       0x34 c:/nxp/s32ds.3.5/s32ds/build_tools/gcc_v10.2/gcc-10.2-arm32-eabi/bin/../lib/gcc/arm-none-eabi/10.2.0/../../../../arm-none-eabi/lib/thumb/v7e-m+fp/hard\libc_nano.a(lib_a-memmove.o)
                0x005009f4                memmove
 .text.memset   0x00500a28       0x10 c:/nxp/s32ds.3.5/s32ds/build_tools/gcc_v10.2/gcc-10.2-arm32-eabi/bin/../lib/gcc/arm-none-eabi/10.2.0/../../../../arm-none-eabi/lib/thumb/v7e-m+fp/hard\libc_nano.a(lib_a-memset.o)
                0x00500a28                memset
                0x00500a38                . = ALIGN (0x4)
 *(.mcal_text)
 .mcal_text     0x00500a38       0x14 ./Project_Settings/Startup_Code/exceptions.o
                0x00500a38                NMI_Handler
                0x00500a3a                HardFault_Handler
                0x00500a3c                MemManage_Handler
                0x00500a3e                BusFault_Handler
                0x00500a40                UsageFault_Handler
                0x00500a42                SVC_Handler
                0x00500a44                DebugMon_Handler
                0x00500a46                PendSV_Handler
                0x00500a48                SysTick_Handler
                0x00500a4a                undefined_handler
 .mcal_text     0x00500a4c       0x52 ./Project_Settings/Startup_Code/nvic.o
                0x00500a4c                NVIC_SetPriorityGrouping
                0x00500a60                NVIC_EnableIRQ
                0x00500a78                NVIC_DisableIRQ
                0x00500a90                NVIC_SetPriority
 *fill*         0x00500a9e        0x2 
 .mcal_text     0x00500aa0       0xe8 ./Project_Settings/Startup_Code/startup.o
                0x00500aa0                init_data_bss
                0x00500b2c                init_data_bss_core2
 .mcal_text     0x00500b88      0x2ec ./Project_Settings/Startup_Code/system.o
                0x00500b88                startup_go_to_user_mode
                0x00500b8a                default_interrupt_routine
                0x00500b8c                SystemInit
 .mcal_text     0x00500e74      0x88c ./RTD/src/Clock_Ip.o
                0x00500e76                Clock_Ip_InitClock
                0x00501424                Clock_Ip_GetPllStatus
                0x005014c8                Clock_Ip_DistributePll
                0x005015b4                Clock_Ip_Init
                0x005015d8                Clock_Ip_DisableClockMonitor
                0x005015fc                Clock_Ip_InstallNotificationsCallback
                0x00501608                Clock_Ip_DisableModuleClock
                0x00501630                Clock_Ip_EnableModuleClock
                0x00501658                Clock_Ip_DisableFircInStandby
                0x00501670                Clock_Ip_EnableFircInStandby
                0x00501688                Clock_Ip_DisableSircInStandby
                0x005016a0                Clock_Ip_EnableSircInStandby
                0x005016b8                Clock_Ip_ReportClockErrors
                0x005016c4                Clock_Ip_StartTimeout
                0x005016e4                Clock_Ip_TimeoutExpired
 .mcal_text     0x00501700      0x120 ./RTD/src/Clock_Ip_Divider.o
 .mcal_text     0x00501820       0x9c ./RTD/src/Clock_Ip_DividerTrigger.o
 .mcal_text     0x005018bc      0x1c4 ./RTD/src/Clock_Ip_ExtOsc.o
 .mcal_text     0x00501a80        0x6 ./RTD/src/Clock_Ip_FracDiv.o
 .mcal_text     0x00501a86        0x2 ./RTD/src/Clock_Ip_Frequency.o
                0x00501a86                Clock_Ip_SetExternalSignalFrequency
 .mcal_text     0x00501a88      0x128 ./RTD/src/Clock_Ip_Gate.o
 .mcal_text     0x00501bb0      0x104 ./RTD/src/Clock_Ip_IntOsc.o
 .mcal_text     0x00501cb4        0x4 ./RTD/src/Clock_Ip_Irq.o
                0x00501cb4                Mcu_Cmu_ClockFail_IRQHandler
 .mcal_text     0x00501cb8      0x204 ./RTD/src/Clock_Ip_Monitor.o
                0x00501e64                Clock_Ip_CMU_GetInterruptStatus
                0x00501e78                Clock_Ip_CMU_ClockFailInt
 .mcal_text     0x00501ebc      0x17c ./RTD/src/Clock_Ip_Pll.o
 .mcal_text     0x00502038      0x154 ./RTD/src/Clock_Ip_ProgFreqSwitch.o
 .mcal_text     0x0050218c      0x3dc ./RTD/src/Clock_Ip_Selector.o
                0x0050253c                Clock_Ip_SetRtcRtccClksel_TrustedCall
 .mcal_text     0x00502568      0x2c8 ./RTD/src/Clock_Ip_Specific.o
                0x00502568                Clock_Ip_McMeEnterKey
                0x0050257c                Clock_Ip_PowerClockIpModules
                0x0050277c                DisableFircInStandbyMode
                0x0050278c                EnableFircInStandbyMode
                0x005027a8                DisableSircInStandbyMode
                0x005027b8                EnableSircInStandbyMode
                0x005027d4                Clock_Ip_Command
                0x00502824                Clock_Ip_FLASH_SetFlashIWS
                0x00502828                Clock_Ip_SetFlashWaitStates
                0x0050282c                Clock_Ip_SetRamWaitStates
 .mcal_text     0x00502830       0xa4 ./RTD/src/Det.o
                0x00502830                Det_Init
                0x00502832                Det_ReportError
                0x00502868                Det_ReportRuntimeError
                0x0050289c                Det_ReportTransientFault
                0x005028d0                Det_Start
 .mcal_text     0x005028d4      0x21c ./RTD/src/Det_stub.o
                0x005028d4                Det_TestLastReportError
                0x0050293c                Det_TestLastReportRuntimeError
                0x005029a4                Det_TestLastReportTransientFault
                0x00502a0c                Det_TestNoError
                0x00502a58                Det_TestNoRuntimeError
                0x00502aa4                Det_TestNoTransientFault
 .mcal_text     0x00502af0      0x220 ./RTD/src/Dio.o
                0x00502b38                Dio_GetVersionInfo
                0x00502b58                Dio_ReadChannel
                0x00502ba4                Dio_WriteChannel
                0x00502bd4                Dio_FlipChannel
                0x00502bee                Dio_ReadPort
                0x00502c30                Dio_WritePort
                0x00502c70                Dio_ReadChannelGroup
                0x00502cc0                Dio_WriteChannelGroup
 .mcal_text     0x00502d10      0x1d0 ./RTD/src/Dio_Ipw.o
                0x00502d10                Dio_Ipw_ReadChannel
                0x00502d48                Dio_Ipw_WriteChannel
                0x00502d7c                Dio_Ipw_FlipChannel
                0x00502dd4                Dio_Ipw_ReadPort
                0x00502e08                Dio_Ipw_WritePort
                0x00502e3c                Dio_Ipw_ReadChannelGroup
                0x00502ea4                Dio_Ipw_WriteChannelGroup
 .mcal_text     0x00502ee0       0xc4 ./RTD/src/Mcu.o
                0x00502ee0                Mcu_Init
                0x00502f30                Mcu_InitRamSection
                0x00502f34                Mcu_InitClock
                0x00502f58                Mcu_SetMode
                0x00502f84                Mcu_DistributePllClock
                0x00502f8e                Mcu_GetPllStatus
                0x00502f92                Mcu_GetResetReason
                0x00502f96                Mcu_GetResetRawValue
                0x00502f9a                Mcu_DisableCmu
                0x00502f9e                Mcu_SleepOnExit
                0x00502fa2                Mcu_ClkSrcFailureNotification
 .mcal_text     0x00502fa4       0x58 ./RTD/src/Mcu_Ipw.o
                0x00502fa4                Mcu_Ipw_ClockNotificationsCallback
                0x00502fae                Mcu_Ipw_Init
                0x00502fc8                Mcu_Ipw_InitClock
                0x00502fcc                Mcu_Ipw_DistributePllClock
                0x00502fd0                Mcu_Ipw_GetPllStatus
                0x00502fe0                Mcu_Ipw_SetMode
                0x00502fe4                Mcu_Ipw_GetResetReason
                0x00502fe8                Mcu_Ipw_GetResetRawValue
                0x00502fec                Mcu_Ipw_DisableCmu
                0x00502ff0                Mcu_Ipw_SleepOnExit
 .mcal_text     0x00502ffc       0x1e ./RTD/src/OsIf_Timer.o
                0x00502ffc                OsIf_Init
                0x00503004                OsIf_GetCounter
                0x00503008                OsIf_GetElapsed
                0x00503010                OsIf_SetTimerFrequency
                0x00503012                OsIf_MicrosToTicks
 .mcal_text     0x0050301a       0x42 ./RTD/src/OsIf_Timer_System_Internal_Systick.o
                0x0050301a                OsIf_Timer_System_Internal_Init
                0x00503030                OsIf_Timer_System_Internal_GetCounter
                0x0050303c                OsIf_Timer_System_Internal_GetElapsed
 .mcal_text     0x0050305c       0xe0 ./RTD/src/Port.o
                0x0050305c                Port_Init
                0x00503094                Port_SetPinDirection
                0x005030c4                Port_SetPinMode
                0x005030f0                Port_RefreshPortDirection
                0x0050311c                Port_GetVersionInfo
 .mcal_text     0x0050313c       0x74 ./RTD/src/Port_Ipw.o
                0x0050313c                Port_Ipw_SetGpioDirChangeability
                0x00503184                Port_Ipw_SetGpioPadOutput
 .mcal_text     0x005031b0       0xec ./RTD/src/Power_Ip.o
                0x005031e4                Power_Ip_SetMode
                0x0050324c                Power_Ip_GetPreviousMode
                0x00503250                Power_Ip_GetResetReason
                0x0050326c                Power_Ip_GetResetRawValue
                0x00503270                Power_Ip_Init
                0x0050328a                Power_Ip_InstallNotificationsCallback
                0x00503294                Power_Ip_EnableSleepOnExit
                0x00503298                Power_Ip_DisableSleepOnExit
 .mcal_text     0x0050329c       0x48 ./RTD/src/Power_Ip_CortexM7.o
                0x0050329c                Power_Ip_CM7_DisableSleepOnExit
                0x005032ae                Power_Ip_CM7_EnableSleepOnExit
                0x005032c0                Power_Ip_CM7_DisableDeepSleep
                0x005032d2                Power_Ip_CM7_EnableDeepSleep
 .mcal_text     0x005032e4       0x4c ./RTD/src/Power_Ip_DCM_GPR.o
                0x005032e4                Power_Ip_DCM_GPR_Config
                0x00503314                Power_Ip_DCM_GPR_GlobalPadkeepingConfig
 .mcal_text     0x00503330       0x10 ./RTD/src/Power_Ip_FLASH.o
                0x00503330                Power_Ip_FLASH_HighVoltageOperationOngoing
 .mcal_text     0x00503340      0x2dc ./RTD/src/Power_Ip_MC_ME.o
                0x005033c6                Power_Ip_MC_ME_ConfigCoreCOFBClock
                0x00503550                Power_Ip_MC_ME_EnablePartitionClock
                0x0050357a                Power_Ip_MC_ME_DisablePartitionClock
                0x005035a4                Power_Ip_MC_ME_SocTriggerResetEvent
                0x005035c0                Power_Ip_MC_ME_CoreStandbyEntry
                0x005035d6                Power_Ip_MC_ME_SocStandbyEntry
                0x00503608                Power_Ip_MC_ME_GetPreviousMode
 .mcal_text     0x0050361c      0x244 ./RTD/src/Power_Ip_MC_RGM.o
                0x005036ac                Power_Ip_MC_RGM_ResetInit
                0x005036dc                Power_Ip_MC_RGM_GetResetReason
                0x0050378c                Power_Ip_MC_RGM_GetResetRawValue
                0x0050383c                Power_Ip_MC_RGM_ResetDuringStandby
 .mcal_text     0x00503860       0xd8 ./RTD/src/Power_Ip_PMC.o
                0x00503860                Power_Ip_PMC_PowerInit
                0x00503908                Power_Ip_PMC_PrepareLowPowerEntry
 .mcal_text     0x00503938       0x4c ./RTD/src/Power_Ip_Private.o
                0x00503938                Power_Ip_ReportPowerErrors
                0x00503944                Power_Ip_ReportPowerErrorsEmptyCallback
                0x00503946                Power_Ip_StartTimeout
                0x00503966                Power_Ip_TimeoutExpired
 .mcal_text     0x00503984       0xe4 ./RTD/src/Ram_Ip.o
                0x00503984                Ram_Ip_InitRamSection
 .mcal_text     0x00503a68       0xc8 ./RTD/src/SchM_Dio.o
                0x00503a68                SchM_Enter_Dio_DIO_EXCLUSIVE_AREA_00
                0x00503a9c                SchM_Exit_Dio_DIO_EXCLUSIVE_AREA_00
                0x00503acc                SchM_Enter_Dio_DIO_EXCLUSIVE_AREA_01
                0x00503b00                SchM_Exit_Dio_DIO_EXCLUSIVE_AREA_01
 .mcal_text     0x00503b30      0x12c ./RTD/src/SchM_Mcu.o
                0x00503b30                SchM_Enter_Mcu_MCU_EXCLUSIVE_AREA_00
                0x00503b64                SchM_Exit_Mcu_MCU_EXCLUSIVE_AREA_00
                0x00503b94                SchM_Enter_Mcu_MCU_EXCLUSIVE_AREA_01
                0x00503bc8                SchM_Exit_Mcu_MCU_EXCLUSIVE_AREA_01
                0x00503bf8                SchM_Enter_Mcu_MCU_EXCLUSIVE_AREA_02
                0x00503c2c                SchM_Exit_Mcu_MCU_EXCLUSIVE_AREA_02
 .mcal_text     0x00503c5c      0xaf0 ./RTD/src/SchM_Port.o
                0x00503c5c                SchM_Enter_Port_PORT_EXCLUSIVE_AREA_00
                0x00503c90                SchM_Exit_Port_PORT_EXCLUSIVE_AREA_00
                0x00503cc0                SchM_Enter_Port_PORT_EXCLUSIVE_AREA_01
                0x00503cf4                SchM_Exit_Port_PORT_EXCLUSIVE_AREA_01
                0x00503d24                SchM_Enter_Port_PORT_EXCLUSIVE_AREA_02
                0x00503d58                SchM_Exit_Port_PORT_EXCLUSIVE_AREA_02
                0x00503d88                SchM_Enter_Port_PORT_EXCLUSIVE_AREA_03
                0x00503dbc                SchM_Exit_Port_PORT_EXCLUSIVE_AREA_03
                0x00503dec                SchM_Enter_Port_PORT_EXCLUSIVE_AREA_04
                0x00503e20                SchM_Exit_Port_PORT_EXCLUSIVE_AREA_04
                0x00503e50                SchM_Enter_Port_PORT_EXCLUSIVE_AREA_05
                0x00503e84                SchM_Exit_Port_PORT_EXCLUSIVE_AREA_05
                0x00503eb4                SchM_Enter_Port_PORT_EXCLUSIVE_AREA_06
                0x00503ee8                SchM_Exit_Port_PORT_EXCLUSIVE_AREA_06
                0x00503f18                SchM_Enter_Port_PORT_EXCLUSIVE_AREA_07
                0x00503f4c                SchM_Exit_Port_PORT_EXCLUSIVE_AREA_07
                0x00503f7c                SchM_Enter_Port_PORT_EXCLUSIVE_AREA_08
                0x00503fb0                SchM_Exit_Port_PORT_EXCLUSIVE_AREA_08
                0x00503fe0                SchM_Enter_Port_PORT_EXCLUSIVE_AREA_09
                0x00504014                SchM_Exit_Port_PORT_EXCLUSIVE_AREA_09
                0x00504044                SchM_Enter_Port_PORT_EXCLUSIVE_AREA_10
                0x00504078                SchM_Exit_Port_PORT_EXCLUSIVE_AREA_10
                0x005040a8                SchM_Enter_Port_PORT_EXCLUSIVE_AREA_11
                0x005040dc                SchM_Exit_Port_PORT_EXCLUSIVE_AREA_11
                0x0050410c                SchM_Enter_Port_PORT_EXCLUSIVE_AREA_12
                0x00504140                SchM_Exit_Port_PORT_EXCLUSIVE_AREA_12
                0x00504170                SchM_Enter_Port_PORT_EXCLUSIVE_AREA_13
                0x005041a4                SchM_Exit_Port_PORT_EXCLUSIVE_AREA_13
                0x005041d4                SchM_Enter_Port_PORT_EXCLUSIVE_AREA_14
                0x00504208                SchM_Exit_Port_PORT_EXCLUSIVE_AREA_14
                0x00504238                SchM_Enter_Port_PORT_EXCLUSIVE_AREA_15
                0x0050426c                SchM_Exit_Port_PORT_EXCLUSIVE_AREA_15
                0x0050429c                SchM_Enter_Port_PORT_EXCLUSIVE_AREA_16
                0x005042d0                SchM_Exit_Port_PORT_EXCLUSIVE_AREA_16
                0x00504300                SchM_Enter_Port_PORT_EXCLUSIVE_AREA_17
                0x00504334                SchM_Exit_Port_PORT_EXCLUSIVE_AREA_17
                0x00504364                SchM_Enter_Port_PORT_EXCLUSIVE_AREA_18
                0x00504398                SchM_Exit_Port_PORT_EXCLUSIVE_AREA_18
                0x005043c8                SchM_Enter_Port_PORT_EXCLUSIVE_AREA_19
                0x005043fc                SchM_Exit_Port_PORT_EXCLUSIVE_AREA_19
                0x0050442c                SchM_Enter_Port_PORT_EXCLUSIVE_AREA_20
                0x00504460                SchM_Exit_Port_PORT_EXCLUSIVE_AREA_20
                0x00504490                SchM_Enter_Port_PORT_EXCLUSIVE_AREA_21
                0x005044c4                SchM_Exit_Port_PORT_EXCLUSIVE_AREA_21
                0x005044f4                SchM_Enter_Port_PORT_EXCLUSIVE_AREA_22
                0x00504528                SchM_Exit_Port_PORT_EXCLUSIVE_AREA_22
                0x00504558                SchM_Enter_Port_PORT_EXCLUSIVE_AREA_23
                0x0050458c                SchM_Exit_Port_PORT_EXCLUSIVE_AREA_23
                0x005045bc                SchM_Enter_Port_PORT_EXCLUSIVE_AREA_24
                0x005045f0                SchM_Exit_Port_PORT_EXCLUSIVE_AREA_24
                0x00504620                SchM_Enter_Port_PORT_EXCLUSIVE_AREA_25
                0x00504654                SchM_Exit_Port_PORT_EXCLUSIVE_AREA_25
                0x00504684                SchM_Enter_Port_PORT_EXCLUSIVE_AREA_26
                0x005046b8                SchM_Exit_Port_PORT_EXCLUSIVE_AREA_26
                0x005046e8                SchM_Enter_Port_PORT_EXCLUSIVE_AREA_27
                0x0050471c                SchM_Exit_Port_PORT_EXCLUSIVE_AREA_27
 .mcal_text     0x0050474c      0x108 ./RTD/src/Siul2_Dio_Ip.o
                0x00504782                Siul2_Dio_Ip_WritePin
                0x005047b2                Siul2_Dio_Ip_WritePins
                0x005047c0                Siul2_Dio_Ip_GetPinsOutput
                0x005047c6                Siul2_Dio_Ip_SetPins
                0x005047da                Siul2_Dio_Ip_ClearPins
                0x005047f0                Siul2_Dio_Ip_TogglePins
                0x00504804                Siul2_Dio_Ip_ReadPins
                0x0050480c                Siul2_Dio_Ip_ReadPin
                0x00504826                Siul2_Dio_Ip_MaskedWritePins
 .mcal_text     0x00504854      0x3c0 ./RTD/src/Siul2_Port_Ip.o
                0x00504990                Siul2_Port_Ip_Init
                0x005049c0                Siul2_Port_Ip_SetPullSel
                0x00504a02                Siul2_Port_Ip_SetOutputBuffer
                0x00504a52                Siul2_Port_Ip_SetInputBuffer
                0x00504ab6                Siul2_Port_Ip_SetPinDirection
                0x00504b18                Siul2_Port_Ip_RevertPinConfiguration
                0x00504b64                Siul2_Port_Ip_GetPinConfiguration
 .mcal_text     0x00504c14       0xb8 ./RTD/src/Tspc_Port_Ip.o
                0x00504c14                Tspc_Port_Ip_EnableObeGroup
                0x00504c3c                Tspc_Port_Ip_ConfigureObeGroup
                0x00504ccc                . = ALIGN (0x4)
 *(.acmcu_code_rom)
                0x00504ccc                . = ALIGN (0x4)
                0x00504ccc                __acfls_code_rom_start = .
 *(.acfls_code_rom)
 .acfls_code_rom
                0x00504ccc       0x40 ./RTD/src/Clock_Ip_Specific.o
                0x00504ccc                Clock_Ip_PRAMCSetRamIWS
 *fill*         0x00504d0c        0x4 
 .acfls_code_rom.__stub
                0x00504d10        0x8 linker stubs
                0x00504d18                . = ALIGN (0x4)
                0x00504d18                __acfls_code_rom_end = .
 *(.init)
                0x00504d18                . = ALIGN (0x4)
 *(.fini)
                0x00504d18                . = ALIGN (0x4)
 *(.rodata)
 .rodata        0x00504d18        0x3 ./RTD/src/Clock_Ip_IntOsc.o
 *fill*         0x00504d1b        0x1 
 .rodata        0x00504d1c        0x4 ./RTD/src/Siul2_Port_Ip.o
                0x00504d1c                Port_au32Siul2BaseAddr
 *(.rodata*)
                0x00504d20                . = ALIGN (0x4)
 *(.mcal_const_cfg)
 .mcal_const_cfg
                0x00504d20      0x548 ./generate/src/Clock_Ip_BOARD_InitPeripherals_PBcfg.o
                0x00504d20                Mcu_aClockConfigPB_BOARD_InitPeripherals
 .mcal_const_cfg
                0x00505268       0x10 ./generate/src/Dio_Cfg.o
                0x00505268                Dio_Config
 .mcal_const_cfg
                0x00505278       0x1c ./generate/src/Mcu_BOARD_InitPeripherals_PBcfg.o
                0x00505278                Mcu_Config_BOARD_InitPeripherals
 .mcal_const_cfg
                0x00505294      0x581 ./generate/src/Port_BOARD_InitPeripherals_PBcfg.o
                0x00505294                Port_Config
                0x00505814                au8Port_PartitionList_BOARD_InitPeripherals
 *fill*         0x00505815        0x3 
 .mcal_const_cfg
                0x00505818      0x104 ./generate/src/Power_Ip_BOARD_InitPeripherals_PBcfg.o
                0x00505818                Power_Ip_HwIPsConfigPB_BOARD_InitPeripherals
                0x00505830                Power_Ip_aModeConfigPB_BOARD_InitPeripherals
 .mcal_const_cfg
                0x0050591c      0x178 ./generate/src/Siul2_Port_Ip_BOARD_InitPeripherals_PBcfg.o
                0x0050591c                g_pin_mux_InitConfigArr_BOARD_InitPeripherals
 .mcal_const_cfg
                0x00505a94       0x10 ./generate/src/Tspc_Port_Ip_BOARD_InitPeripherals_PBcfg.o
                0x00505a94                aTspc_InitConfigArr_BOARD_InitPeripherals
                0x00505aa4                . = ALIGN (0x4)
 *(.mcal_const)
 .mcal_const    0x00505aa4     0x1012 ./RTD/src/Clock_Ip_Data.o
                0x00505aa4                Clock_Ip_axGateInfo
                0x0050617c                Clock_Ip_axFeatureExtensions
                0x0050639c                Clock_Ip_aeHwDfsName
                0x005063a0                Clock_Ip_aeHwPllName
                0x005063a4                Clock_Ip_aeSourceTypeClockName
                0x005063fc                Clock_Ip_apxMcMeTriggerPartitions
                0x0050640c                Clock_Ip_apxMcMeGetPartitions
                0x0050641c                Clock_Ip_apxMcMeSetPartitions
                0x0050642c                Clock_Ip_axCmuInfo
                0x0050649c                Clock_Ip_aeCmuNames
                0x005064b8                Clock_Ip_apxCmu
                0x005064d4                Clock_Ip_apxPll
                0x005064e4                Clock_Ip_apxXosc
                0x005064ec                Clock_Ip_apxCgmPcfs
                0x005064f0                Clock_Ip_apxCgm
                0x00506540                Clock_Ip_au16SelectorEntryRtcHardwareValue
                0x0050656c                Clock_Ip_au16SelectorEntryHardwareValue
                0x00506598                Clock_Ip_au8SoftwareMuxResetValue
                0x00506612                Clock_Ip_au8ClockFeatures
                0x00506a5c                Clock_Ip_au8CmuCallbackIndex
                0x00506a65                Clock_Ip_au8PcfsCallbackIndex
                0x00506a6e                Clock_Ip_au8SelectorCallbackIndex
                0x00506a77                Clock_Ip_au8PllCallbackIndex
                0x00506a80                Clock_Ip_au8FractionalDividerCallbackIndex
                0x00506a89                Clock_Ip_au8GateCallbackIndex
                0x00506a92                Clock_Ip_au8IrcoscCallbackIndex
                0x00506a9b                Clock_Ip_au8XoscCallbackIndex
                0x00506aa4                Clock_Ip_au8DividerTriggerCallbackIndex
                0x00506aad                Clock_Ip_au8DividerCallbackIndex
 *fill*         0x00506ab6        0x2 
 .mcal_const    0x00506ab8       0x10 ./RTD/src/Clock_Ip_Divider.o
                0x00506ab8                Clock_Ip_axDividerCallbacks
 .mcal_const    0x00506ac8       0x10 ./RTD/src/Clock_Ip_DividerTrigger.o
                0x00506ac8                Clock_Ip_axDividerTriggerCallbacks
 .mcal_const    0x00506ad8       0x3c ./RTD/src/Clock_Ip_ExtOsc.o
                0x00506ad8                Clock_Ip_axExtOscCallbacks
 .mcal_const    0x00506b14        0xc ./RTD/src/Clock_Ip_FracDiv.o
                0x00506b14                Clock_Ip_axFracDivCallbacks
 .mcal_const    0x00506b20       0x10 ./RTD/src/Clock_Ip_Gate.o
                0x00506b20                Clock_Ip_axGateCallbacks
 .mcal_const    0x00506b30       0x30 ./RTD/src/Clock_Ip_IntOsc.o
                0x00506b30                Clock_Ip_axIntOscCallbacks
 .mcal_const    0x00506b60       0x20 ./RTD/src/Clock_Ip_Monitor.o
                0x00506b60                Clock_Ip_axCmuCallbacks
 .mcal_const    0x00506b80       0x28 ./RTD/src/Clock_Ip_Pll.o
                0x00506b80                Clock_Ip_axPllCallbacks
 .mcal_const    0x00506ba8        0x8 ./RTD/src/Clock_Ip_ProgFreqSwitch.o
                0x00506ba8                Clock_Ip_axPcfsCallbacks
 .mcal_const    0x00506bb0       0x28 ./RTD/src/Clock_Ip_Selector.o
                0x00506bb0                Clock_Ip_axSelectorCallbacks
 .mcal_const    0x00506bd8      0x2db ./generate/src/Dio_Cfg.o
                0x00506bd8                Dio_aAvailablePinsForRead
                0x00506bec                Dio_aAvailablePinsForWrite
                0x00506c00                Dio_au32PortToPartitionMap
                0x00506c28                Dio_au32ChannelToPartitionMap
                0x00506ea8                Dio_au8Port0OffsetInSiul2Instance
                0x00506ea9                Dio_au8PortSiul2Instance
 *fill*         0x00506eb3        0x1 
 .mcal_const    0x00506eb4     0x1c8c ./generate/src/Port_Cfg.o
                0x00506eb4                Port_apInoutMuxSettings
                0x00506eb8                Port_apInMuxSettingsIndex
                0x00506ebc                Port_apInMuxSettings
                0x00506ec0                Port_apSiul2InstancePinModeAvailability
                0x00506ec4                Port_au16NumInoutMuxSettings
                0x00508b40                . = ALIGN (0x4)
                0x00508b40                __init_table = .
 *(.init_table)
 .init_table    0x00508b40       0x4c ./Project_Settings/Startup_Code/startup_cm7.o
                0x00508b8c                . = ALIGN (0x4)
                0x00508b8c                __zero_table = .
 *(.zero_table)
 .zero_table    0x00508b8c       0x1c ./Project_Settings/Startup_Code/startup_cm7.o

.glue_7         0x00508ba8        0x0
 .glue_7        0x00508ba8        0x0 linker stubs

.glue_7t        0x00508ba8        0x0
 .glue_7t       0x00508ba8        0x0 linker stubs

.vfp11_veneer   0x00508ba8        0x0
 .vfp11_veneer  0x00508ba8        0x0 linker stubs

.v4_bx          0x00508ba8        0x0
 .v4_bx         0x00508ba8        0x0 linker stubs

.iplt           0x00508ba8        0x0
 .iplt          0x00508ba8        0x0 ./Project_Settings/Startup_Code/Vector_Table.o

.rel.dyn        0x00508ba8        0x0
 .rel.iplt      0x00508ba8        0x0 ./Project_Settings/Startup_Code/Vector_Table.o
                0x00508ba8                . = ALIGN (0x4)
                0x00508ba8                __text_end = .
                0x00508ba8                __sram_data_rom = __text_end

.sram_data      0x20406000       0x9c load address 0x00508ba8
                0x20406000                . = ALIGN (0x4)
                0x20406000                __sram_data_begin__ = .
                0x20406000                . = ALIGN (0x4)
 *(.ramcode)
 .ramcode       0x20406000       0x90 ./RTD/src/Clock_Ip_Specific.o
                0x20406090                . = ALIGN (0x4)
 *(.data)
 .data          0x20406090        0x0 ./Project_Settings/Startup_Code/Vector_Table.o
 .data          0x20406090        0x0 ./Project_Settings/Startup_Code/exceptions.o
 .data          0x20406090        0x0 ./Project_Settings/Startup_Code/nvic.o
 .data          0x20406090        0x0 ./Project_Settings/Startup_Code/startup.o
 .data          0x20406090        0x0 ./Project_Settings/Startup_Code/startup_cm7.o
 .data          0x20406090        0x0 ./Project_Settings/Startup_Code/system.o
 .data          0x20406090        0x4 ./RTD/src/Clock_Ip.o
 .data          0x20406094        0x0 ./RTD/src/Clock_Ip_Data.o
 .data          0x20406094        0x0 ./RTD/src/Clock_Ip_Divider.o
 .data          0x20406094        0x0 ./RTD/src/Clock_Ip_DividerTrigger.o
 .data          0x20406094        0x0 ./RTD/src/Clock_Ip_ExtOsc.o
 .data          0x20406094        0x0 ./RTD/src/Clock_Ip_FracDiv.o
 .data          0x20406094        0x0 ./RTD/src/Clock_Ip_Frequency.o
 .data          0x20406094        0x0 ./RTD/src/Clock_Ip_Gate.o
 .data          0x20406094        0x0 ./RTD/src/Clock_Ip_IntOsc.o
 .data          0x20406094        0x0 ./RTD/src/Clock_Ip_Irq.o
 .data          0x20406094        0x0 ./RTD/src/Clock_Ip_Monitor.o
 .data          0x20406094        0x0 ./RTD/src/Clock_Ip_Pll.o
 .data          0x20406094        0x0 ./RTD/src/Clock_Ip_ProgFreqSwitch.o
 .data          0x20406094        0x0 ./RTD/src/Clock_Ip_Selector.o
 .data          0x20406094        0x0 ./RTD/src/Clock_Ip_Specific.o
 .data          0x20406094        0x0 ./RTD/src/Det.o
 .data          0x20406094        0x0 ./RTD/src/Det_stub.o
 .data          0x20406094        0x0 ./RTD/src/Dio.o
 .data          0x20406094        0x0 ./RTD/src/Dio_Ipw.o
 .data          0x20406094        0x0 ./RTD/src/Igf_Port_Ip.o
 .data          0x20406094        0x0 ./RTD/src/Mcu.o
 .data          0x20406094        0x0 ./RTD/src/Mcu_Dem_Wrapper.o
 .data          0x20406094        0x0 ./RTD/src/Mcu_Ipw.o
 .data          0x20406094        0x0 ./RTD/src/OsIf_Interrupts.o
 .data          0x20406094        0x0 ./RTD/src/OsIf_Timer.o
 .data          0x20406094        0x0 ./RTD/src/OsIf_Timer_System.o
 .data          0x20406094        0x0 ./RTD/src/OsIf_Timer_System_Internal_Systick.o
 .data          0x20406094        0x0 ./RTD/src/Port.o
 .data          0x20406094        0x0 ./RTD/src/Port_Ipw.o
 .data          0x20406094        0x0 ./RTD/src/Power_Ip.o
 .data          0x20406094        0x0 ./RTD/src/Power_Ip_AEC.o
 .data          0x20406094        0x0 ./RTD/src/Power_Ip_CortexM7.o
 .data          0x20406094        0x0 ./RTD/src/Power_Ip_DCM_GPR.o
 .data          0x20406094        0x0 ./RTD/src/Power_Ip_FLASH.o
 .data          0x20406094        0x0 ./RTD/src/Power_Ip_MC_ME.o
 .data          0x20406094        0x0 ./RTD/src/Power_Ip_MC_RGM.o
 .data          0x20406094        0x0 ./RTD/src/Power_Ip_MC_RGM_Irq.o
 .data          0x20406094        0x0 ./RTD/src/Power_Ip_PMC.o
 .data          0x20406094        0x0 ./RTD/src/Power_Ip_PMC_Irq.o
 .data          0x20406094        0x0 ./RTD/src/Power_Ip_Private.o
 .data          0x20406094        0x0 ./RTD/src/Ram_Ip.o
 .data          0x20406094        0x0 ./RTD/src/SchM_Dio.o
 .data          0x20406094        0x0 ./RTD/src/SchM_Mcu.o
 .data          0x20406094        0x0 ./RTD/src/SchM_Port.o
 .data          0x20406094        0x0 ./RTD/src/Siul2_Dio_Ip.o
 .data          0x20406094        0x0 ./RTD/src/Siul2_Port_Ip.o
 .data          0x20406094        0x0 ./RTD/src/Tspc_Port_Ip.o
 .data          0x20406094        0x0 ./board/Siul2_Port_Ip_Cfg.o
 .data          0x20406094        0x0 ./board/Tspc_Port_Ip_Cfg.o
 .data          0x20406094        0x0 ./generate/src/Clock_Ip_BOARD_InitPeripherals_PBcfg.o
 .data          0x20406094        0x0 ./generate/src/Clock_Ip_Cfg.o
 .data          0x20406094        0x0 ./generate/src/Dio_Cfg.o
 .data          0x20406094        0x0 ./generate/src/Igf_Port_Ip_BOARD_InitPeripherals_PBcfg.o
 .data          0x20406094        0x0 ./generate/src/Igf_Port_Ip_Cfg.o
 .data          0x20406094        0x0 ./generate/src/Mcu_BOARD_InitPeripherals_PBcfg.o
 .data          0x20406094        0x0 ./generate/src/Mcu_Cfg.o
 .data          0x20406094        0x0 ./generate/src/OsIf_Cfg.o
 .data          0x20406094        0x0 ./generate/src/Port_BOARD_InitPeripherals_PBcfg.o
 .data          0x20406094        0x0 ./generate/src/Port_Cfg.o
 .data          0x20406094        0x0 ./generate/src/Power_Ip_BOARD_InitPeripherals_PBcfg.o
 .data          0x20406094        0x0 ./generate/src/Power_Ip_Cfg.o
 .data          0x20406094        0x0 ./generate/src/Ram_Ip_BOARD_InitPeripherals_PBcfg.o
 .data          0x20406094        0x0 ./generate/src/Ram_Ip_Cfg.o
 .data          0x20406094        0x0 ./generate/src/Siul2_Port_Ip_BOARD_InitPeripherals_PBcfg.o
 .data          0x20406094        0x0 ./generate/src/Tspc_Port_Ip_BOARD_InitPeripherals_PBcfg.o
 .data          0x20406094        0x0 ./src/main.o
 .data          0x20406094        0x0 c:/nxp/s32ds.3.5/s32ds/build_tools/gcc_v10.2/gcc-10.2-arm32-eabi/bin/../lib/gcc/arm-none-eabi/10.2.0/../../../../arm-none-eabi/lib/thumb/v7e-m+fp/hard\libc_nano.a(lib_a-memmove.o)
 .data          0x20406094        0x0 c:/nxp/s32ds.3.5/s32ds/build_tools/gcc_v10.2/gcc-10.2-arm32-eabi/bin/../lib/gcc/arm-none-eabi/10.2.0/../../../../arm-none-eabi/lib/thumb/v7e-m+fp/hard\libc_nano.a(lib_a-memset.o)
 *(.data*)
                0x20406094                . = ALIGN (0x4)
 *(.mcal_data)
 .mcal_data     0x20406094        0x4 ./RTD/src/Power_Ip.o
                0x20406094                Power_Ip_pfReportErrorsCallback
 .mcal_data     0x20406098        0x4 ./RTD/src/Siul2_Dio_Ip.o
                0x20406098                Siul2_Dio_Ip_au32BaseAdresses
                0x2040609c                . = ALIGN (0x4)
                0x2040609c                __sram_data_end__ = .
                0x00508c44                __sram_data_rom_end = (__sram_data_rom + (__sram_data_end__ - __sram_data_begin__))

.sram_bss       0x2040609c      0x150 load address 0x00508c44
                0x204060a0                . = ALIGN (0x10)
 *fill*         0x2040609c        0x4 
                0x204060a0                __sram_bss_start = .
 *(.bss)
 .bss           0x204060a0        0x0 ./Project_Settings/Startup_Code/Vector_Table.o
 .bss           0x204060a0        0x0 ./Project_Settings/Startup_Code/exceptions.o
 .bss           0x204060a0        0x0 ./Project_Settings/Startup_Code/nvic.o
 .bss           0x204060a0        0x0 ./Project_Settings/Startup_Code/startup.o
 .bss           0x204060a0        0x0 ./Project_Settings/Startup_Code/startup_cm7.o
 .bss           0x204060a0       0x78 ./Project_Settings/Startup_Code/system.o
                0x204060a0                rbar
                0x204060dc                rasr
 .bss           0x20406118        0x0 ./RTD/src/Clock_Ip.o
 .bss           0x20406118        0x0 ./RTD/src/Clock_Ip_Data.o
 .bss           0x20406118        0x0 ./RTD/src/Clock_Ip_Divider.o
 .bss           0x20406118        0x0 ./RTD/src/Clock_Ip_DividerTrigger.o
 .bss           0x20406118        0x0 ./RTD/src/Clock_Ip_ExtOsc.o
 .bss           0x20406118        0x0 ./RTD/src/Clock_Ip_FracDiv.o
 .bss           0x20406118        0x0 ./RTD/src/Clock_Ip_Frequency.o
 .bss           0x20406118        0x0 ./RTD/src/Clock_Ip_Gate.o
 .bss           0x20406118        0x0 ./RTD/src/Clock_Ip_IntOsc.o
 .bss           0x20406118        0x0 ./RTD/src/Clock_Ip_Irq.o
 .bss           0x20406118        0x0 ./RTD/src/Clock_Ip_Monitor.o
 .bss           0x20406118        0x0 ./RTD/src/Clock_Ip_Pll.o
 .bss           0x20406118        0x0 ./RTD/src/Clock_Ip_ProgFreqSwitch.o
 .bss           0x20406118        0x0 ./RTD/src/Clock_Ip_Selector.o
 .bss           0x20406118        0x0 ./RTD/src/Clock_Ip_Specific.o
 .bss           0x20406118        0x0 ./RTD/src/Det.o
 .bss           0x20406118        0x0 ./RTD/src/Det_stub.o
 .bss           0x20406118        0x0 ./RTD/src/Dio.o
 .bss           0x20406118        0x0 ./RTD/src/Dio_Ipw.o
 .bss           0x20406118        0x0 ./RTD/src/Igf_Port_Ip.o
 .bss           0x20406118        0x0 ./RTD/src/Mcu.o
 .bss           0x20406118        0x0 ./RTD/src/Mcu_Dem_Wrapper.o
 .bss           0x20406118        0x0 ./RTD/src/Mcu_Ipw.o
 .bss           0x20406118        0x0 ./RTD/src/OsIf_Interrupts.o
 .bss           0x20406118        0x0 ./RTD/src/OsIf_Timer.o
 .bss           0x20406118        0x0 ./RTD/src/OsIf_Timer_System.o
 .bss           0x20406118        0x0 ./RTD/src/OsIf_Timer_System_Internal_Systick.o
 .bss           0x20406118        0x0 ./RTD/src/Port.o
 .bss           0x20406118        0x0 ./RTD/src/Port_Ipw.o
 .bss           0x20406118        0x0 ./RTD/src/Power_Ip.o
 .bss           0x20406118        0x0 ./RTD/src/Power_Ip_AEC.o
 .bss           0x20406118        0x0 ./RTD/src/Power_Ip_CortexM7.o
 .bss           0x20406118        0x0 ./RTD/src/Power_Ip_DCM_GPR.o
 .bss           0x20406118        0x0 ./RTD/src/Power_Ip_FLASH.o
 .bss           0x20406118        0x0 ./RTD/src/Power_Ip_MC_ME.o
 .bss           0x20406118        0x0 ./RTD/src/Power_Ip_MC_RGM.o
 .bss           0x20406118        0x0 ./RTD/src/Power_Ip_MC_RGM_Irq.o
 .bss           0x20406118        0x0 ./RTD/src/Power_Ip_PMC.o
 .bss           0x20406118        0x0 ./RTD/src/Power_Ip_PMC_Irq.o
 .bss           0x20406118        0x0 ./RTD/src/Power_Ip_Private.o
 .bss           0x20406118        0x0 ./RTD/src/Ram_Ip.o
 .bss           0x20406118        0x0 ./RTD/src/SchM_Dio.o
 .bss           0x20406118        0x0 ./RTD/src/SchM_Mcu.o
 .bss           0x20406118        0x0 ./RTD/src/SchM_Port.o
 .bss           0x20406118        0x0 ./RTD/src/Siul2_Dio_Ip.o
 .bss           0x20406118        0x0 ./RTD/src/Siul2_Port_Ip.o
 .bss           0x20406118        0x0 ./RTD/src/Tspc_Port_Ip.o
 .bss           0x20406118        0x0 ./board/Siul2_Port_Ip_Cfg.o
 .bss           0x20406118        0x0 ./board/Tspc_Port_Ip_Cfg.o
 .bss           0x20406118        0x0 ./generate/src/Clock_Ip_BOARD_InitPeripherals_PBcfg.o
 .bss           0x20406118        0x0 ./generate/src/Clock_Ip_Cfg.o
 .bss           0x20406118        0x0 ./generate/src/Dio_Cfg.o
 .bss           0x20406118        0x0 ./generate/src/Igf_Port_Ip_BOARD_InitPeripherals_PBcfg.o
 .bss           0x20406118        0x0 ./generate/src/Igf_Port_Ip_Cfg.o
 .bss           0x20406118        0x0 ./generate/src/Mcu_BOARD_InitPeripherals_PBcfg.o
 .bss           0x20406118        0x0 ./generate/src/Mcu_Cfg.o
 .bss           0x20406118        0x0 ./generate/src/OsIf_Cfg.o
 .bss           0x20406118        0x0 ./generate/src/Port_BOARD_InitPeripherals_PBcfg.o
 .bss           0x20406118        0x0 ./generate/src/Port_Cfg.o
 .bss           0x20406118        0x0 ./generate/src/Power_Ip_BOARD_InitPeripherals_PBcfg.o
 .bss           0x20406118        0x0 ./generate/src/Power_Ip_Cfg.o
 .bss           0x20406118        0x0 ./generate/src/Ram_Ip_BOARD_InitPeripherals_PBcfg.o
 .bss           0x20406118        0x0 ./generate/src/Ram_Ip_Cfg.o
 .bss           0x20406118        0x0 ./generate/src/Siul2_Port_Ip_BOARD_InitPeripherals_PBcfg.o
 .bss           0x20406118        0x0 ./generate/src/Tspc_Port_Ip_BOARD_InitPeripherals_PBcfg.o
 .bss           0x20406118        0x4 ./src/main.o
 .bss           0x2040611c        0x0 c:/nxp/s32ds.3.5/s32ds/build_tools/gcc_v10.2/gcc-10.2-arm32-eabi/bin/../lib/gcc/arm-none-eabi/10.2.0/../../../../arm-none-eabi/lib/thumb/v7e-m+fp/hard\libc_nano.a(lib_a-memmove.o)
 .bss           0x2040611c        0x0 c:/nxp/s32ds.3.5/s32ds/build_tools/gcc_v10.2/gcc-10.2-arm32-eabi/bin/../lib/gcc/arm-none-eabi/10.2.0/../../../../arm-none-eabi/lib/thumb/v7e-m+fp/hard\libc_nano.a(lib_a-memset.o)
 *(.bss*)
                0x20406120                . = ALIGN (0x10)
 *fill*         0x2040611c        0x4 
 *(.mcal_bss)
 .mcal_bss      0x20406120        0x4 ./Project_Settings/Startup_Code/system.o
                0x20406120                RESET_CATCH_CORE
 .mcal_bss      0x20406124       0x85 ./RTD/src/Clock_Ip.o
                0x20406128                Clock_Ip_FreqIds
                0x204061a4                Clock_Ip_pxConfig
 *fill*         0x204061a9        0x3 
 .mcal_bss      0x204061ac       0x10 ./RTD/src/Clock_Ip_Monitor.o
 .mcal_bss      0x204061bc        0x4 ./RTD/src/Clock_Ip_ProgFreqSwitch.o
 .mcal_bss      0x204061c0        0xc ./RTD/src/Clock_Ip_Specific.o
 .mcal_bss      0x204061cc        0x9 ./RTD/src/Mcu.o
 *fill*         0x204061d5        0x3 
 .mcal_bss      0x204061d8        0xc ./RTD/src/Power_Ip_MC_RGM.o
 .mcal_bss      0x204061e4        0x8 ./RTD/src/Siul2_Port_Ip.o
                0x204061ec                . = ALIGN (0x4)
                0x204061ec                __sram_bss_end = .

.heap           0x204061ec     0x1000 load address 0x00508d94
                0x00000000                . = (. + ALIGN (0x4))
                0x204061ec                _end = .
                0x204061ec                end = .
                0x204061ec                _heap_start = .
                0x00001000                . = (. + HEAP_SIZE)
 *fill*         0x204061ec     0x1000 
                0x204071ec                _heap_end = .

.acfls_code_ram
                0x20407f00        0x0
                0x20407f00                acfls_code_ram_start = .
 *(.acfls_code_ram)
                0x20407f00                acfls_code_ram_stop = .
                0x00508c44                __non_cacheable_data_rom = __sram_data_rom_end

.non_cacheable_data
                0x20408000      0x104 load address 0x00508c44
                0x20408000                . = ALIGN (0x4)
                0x20408000                __non_cacheable_data_start__ = .
 *(.int_results)
                0x20408100                . = (. + 0x100)
 *fill*         0x20408000      0x100 
                0x20408100                . = ALIGN (0x4)
 *(.mcal_data_no_cacheable)
                0x20408100                . = ALIGN (0x4)
 *(.mcal_const_no_cacheable)
                0x20408100                . = ALIGN (0x4)
                0x20408100                HSE_LOOP_ADDR = .
                0x20408100        0x4 LONG 0x0
                0x20408104                __non_cacheable_data_end__ = .
                0x00508d48                __non_cacheable_data_rom_end = (__non_cacheable_data_rom + (__non_cacheable_data_end__ - __non_cacheable_data_start__))

.igot.plt       0x20408104        0x0 load address 0x00508d48
 .igot.plt      0x20408104        0x0 ./Project_Settings/Startup_Code/Vector_Table.o

.non_cacheable_bss
                0x20408104      0x480 load address 0x00508d48
                0x20408110                . = ALIGN (0x10)
 *fill*         0x20408104        0xc 
                0x20408110                __non_cacheable_bss_start = .
 *(.mcal_bss_no_cacheable)
 .mcal_bss_no_cacheable
                0x20408110       0x3c ./RTD/src/Det.o
                0x20408110                Det_TransientModuleId
                0x20408118                Det_ApiId
                0x2040811c                Det_TransientInstanceId
                0x20408120                Det_ErrorId
                0x20408124                Det_TransientApiId
                0x20408128                Det_RuntimeModuleId
                0x20408130                Det_TransientFaultId
                0x20408134                Det_RuntimeInstanceId
                0x20408138                Det_RuntimeApiId
                0x2040813c                Det_ModuleId
                0x20408144                Det_RuntimeErrorId
                0x20408148                Det_InstanceId
 .mcal_bss_no_cacheable
                0x2040814c        0x4 ./RTD/src/Port.o
 .mcal_bss_no_cacheable
                0x20408150       0x14 ./RTD/src/Port_Ipw.o
 .mcal_bss_no_cacheable
                0x20408164       0x40 ./RTD/src/SchM_Dio.o
 .mcal_bss_no_cacheable
                0x204081a4       0x60 ./RTD/src/SchM_Mcu.o
 .mcal_bss_no_cacheable
                0x20408204      0x380 ./RTD/src/SchM_Port.o
                0x20408584                . = ALIGN (0x4)
                0x20408584                __non_cacheable_bss_end = .
                0x00508d48                __shareable_data_rom = __non_cacheable_data_rom_end

.shareable_data
                0x2040c000        0x0 load address 0x00508d48
                0x2040c000                . = ALIGN (0x4)
                0x2040c000                __shareable_data_start__ = .
 *(.mcal_shared_data)
                0x2040c000                . = ALIGN (0x4)
                0x2040c000                __shareable_data_end__ = .
                0x00508d48                __shareable_data_rom_end = (__shareable_data_rom + (__shareable_data_end__ - __shareable_data_start__))

.int_vector     0x20000000      0x408
                0x20000000                . = ALIGN (0x800)
                0x20000000                __interrupts_ram_start = .
                0x20000408                . = (. + (__interrupts_init_end - __interrupts_init_start))
 *fill*         0x20000000      0x408 
                0x20000408                . = ALIGN (0x4)
                0x20000408                __interrupts_ram_end = .
                0x00508d48                __tcm_data_rom = __shareable_data_rom_end

.data_tcm_data  0x20000408        0x0 load address 0x00508d48
                0x20000408                . = ALIGN (0x4)
                0x20000408                __dtcm_data_start__ = .
 *(.dtcm_data*)
                0x20000408                . = ALIGN (0x4)
                0x20000408                __dtcm_data_end__ = .
                0x00508d48                __tcm_data_rom_end = (__tcm_data_rom + (__dtcm_data_end__ - __dtcm_data_start__))

.bss_tcm_data   0x20000408        0x0
                0x20000408                . = ALIGN (0x4)
                0x20000408                __dtcm_bss_start__ = .
 *(.dtcm_bss*)
                0x20000408                . = ALIGN (0x4)
                0x20000408                __dtcm_bss_end__ = .
                0x00508d48                __tcm_code_rom_start = __tcm_data_rom_end

.itcm_text      0x00000000        0x0 load address 0x00508d48
                0x00000000                . = ALIGN (0x4)
                0x00000000                __itcm_start__ = .
 *(.itcm_text*)
                0x00000000                . = ALIGN (0x4)
                0x00000000                __itcm_end__ = .
                0x00508d48                __tcm_code_rom_end = (__tcm_code_rom_start + (__itcm_end__ - __itcm_start__))

.shareable_bss  0x2040c000        0x0
                0x2040c000                . = ALIGN (0x10)
                0x2040c000                __shareable_bss_start = .
 *(.mcal_shared_bss)
                0x2040c000                . = ALIGN (0x4)
                0x2040c000                __shareable_bss_end = .
                0x2000f000                __Stack_dtcm_end = ORIGIN (int_stack_dtcm)
                0x20010000                __Stack_dtcm_start = (ORIGIN (int_stack_dtcm) + LENGTH (int_stack_dtcm))
                0x20406000                __INT_SRAM_START = ORIGIN (int_sram_c1)
                0x2040c000                __INT_SRAM_END = ORIGIN (ram_end_c1)
                0x00000000                __INT_ITCM_START = ORIGIN (int_itcm)
                0x00008000                __INT_ITCM_END = (ORIGIN (int_itcm) + LENGTH (int_itcm))
                0x20000000                __INT_DTCM_START = ORIGIN (int_dtcm)
                0x20010000                __INT_DTCM_END = ((ORIGIN (int_dtcm) + LENGTH (int_dtcm)) + LENGTH (int_stack_dtcm))
                0x2040c000                __RAM_SHAREABLE_START = ORIGIN (int_sram_shareable)
                0x20406000                __RAM_SHAREABLE_END = ORIGIN (ram_end_c0)
                0x0000000e                __RAM_SHAREABLE_SIZE = 0xe
                0x00000000                __ROM_SHAREABLE_START = 0x0
                0x00000000                __ROM_SHAREABLE_END = 0x0
                0x20408000                __RAM_NO_CACHEABLE_START = ORIGIN (int_sram_no_cacheable_c1)
                0x2040c000                __RAM_NO_CACHEABLE_END = ORIGIN (ram_end_c1)
                0x0000000e                __RAM_NO_CACHEABLE_SIZE = 0xe
                0x00508c44                __ROM_NO_CACHEABLE_START = __non_cacheable_data_rom
                0x00508d48                __ROM_NO_CACHEABLE_END = __non_cacheable_data_rom_end
                0x20406000                __RAM_CACHEABLE_START = ORIGIN (int_sram_c1)
                0x20408000                __RAM_CACHEABLE_END = ORIGIN (int_sram_no_cacheable_c1)
                0x0000000d                __RAM_CACHEABLE_SIZE = 0xd
                0x00508ba8                __ROM_CACHEABLE_START = __sram_data_rom
                0x00508c44                __ROM_CACHEABLE_END = __sram_data_rom_end
                0x00500000                __ROM_CODE_START = ORIGIN (int_flash_c1)
                0x10000000                __ROM_DATA_START = 0x10000000
                0x204060a0                __BSS_SRAM_START = __sram_bss_start
                0x204061ec                __BSS_SRAM_END = __sram_bss_end
                0x0000014c                __BSS_SRAM_SIZE = (__sram_bss_end - __sram_bss_start)
                0x20408110                __BSS_SRAM_NC_START = __non_cacheable_bss_start
                0x00000474                __BSS_SRAM_NC_SIZE = (__non_cacheable_bss_end - __non_cacheable_bss_start)
                0x20408584                __BSS_SRAM_NC_END = __non_cacheable_bss_end
                0x00000000                __BSS_SRAM_SH_START = 0x0
                0x00000000                __BSS_SRAM_SH_SIZE = 0x0
                0x00000000                __BSS_SRAM_SH_END = 0x0
                0x20000000                __RAM_INTERRUPT_START = __interrupts_ram_start
                0x00500000                __INIT_INTERRUPT_START = __interrupts_init_start
                0x00500408                __INIT_INTERRUPT_END = __interrupts_init_end
                0x00000000                __RAM_ITCM_START = __itcm_start__
                0x00508d48                __ROM_ITCM_START = __tcm_code_rom_start
                0x00508d48                __ROM_ITCM_END = __tcm_code_rom_end
                0x20000408                __RAM_DTCM_DATA_START = __dtcm_data_start__
                0x00508d48                __ROM_DTCM_DATA_START = __tcm_data_rom
                0x00508d48                __ROM_DTCM_END = __tcm_data_rom_end
                0x00508b40                __INIT_TABLE = __init_table
                0x00508b8c                __ZERO_TABLE = __zero_table
                0x00000001                __RAM_INIT = 0x1
                0x00000001                __ITCM_INIT = 0x1
                0x00000001                __DTCM_INIT = 0x1
                0x00504ccc                Fls_ACEraseRomStart = __acfls_code_rom_start
                0x00504d18                Fls_ACEraseRomEnd = __acfls_code_rom_end
                0x00000013                Fls_ACEraseSize = ((__acfls_code_rom_end - __acfls_code_rom_start) / 0x4)
                0x00504ccc                Fls_ACWriteRomStart = __acfls_code_rom_start
                0x00504d18                Fls_ACWriteRomEnd = __acfls_code_rom_end
                0x00000013                Fls_ACWriteSize = ((__acfls_code_rom_end - __acfls_code_rom_start) / 0x4)
                0x20407f00                _ERASE_FUNC_ADDRESS_ = ADDR (.acfls_code_ram)
                0x20407f00                _WRITE_FUNC_ADDRESS_ = ADDR (.acfls_code_ram)

/DISCARD/
 *(.boot_header)
                0x00500000                __ENTRY_VTABLE = __INIT_INTERRUPT_START
                0x00400800                __CORE0_VTOR = (ORIGIN (int_flash_c0) + 0x800)
                0x00500000                __CORE1_VTOR = __INIT_INTERRUPT_START
                0x00500000                __CORE2_VTOR = __INIT_INTERRUPT_START
                0x00000000                __INDEX_COPY_CORE2 = 0x0
OUTPUT(led_06_03_24_M7_1.elf elf32-littlearm)
LOAD linker stubs

.ARM.attributes
                0x00000000       0x30
 .ARM.attributes
                0x00000000       0x20 ./Project_Settings/Startup_Code/Vector_Table.o
 .ARM.attributes
                0x00000020       0x34 ./Project_Settings/Startup_Code/exceptions.o
 .ARM.attributes
                0x00000054       0x34 ./Project_Settings/Startup_Code/nvic.o
 .ARM.attributes
                0x00000088       0x34 ./Project_Settings/Startup_Code/startup.o
 .ARM.attributes
                0x000000bc       0x1f ./Project_Settings/Startup_Code/startup_cm7.o
 .ARM.attributes
                0x000000db       0x34 ./Project_Settings/Startup_Code/system.o
 .ARM.attributes
                0x0000010f       0x34 ./RTD/src/Clock_Ip.o
 .ARM.attributes
                0x00000143       0x39 ./RTD/src/Clock_Ip_Data.o
 .ARM.attributes
                0x0000017c       0x34 ./RTD/src/Clock_Ip_Divider.o
 .ARM.attributes
                0x000001b0       0x34 ./RTD/src/Clock_Ip_DividerTrigger.o
 .ARM.attributes
                0x000001e4       0x34 ./RTD/src/Clock_Ip_ExtOsc.o
 .ARM.attributes
                0x00000218       0x34 ./RTD/src/Clock_Ip_FracDiv.o
 .ARM.attributes
                0x0000024c       0x34 ./RTD/src/Clock_Ip_Frequency.o
 .ARM.attributes
                0x00000280       0x34 ./RTD/src/Clock_Ip_Gate.o
 .ARM.attributes
                0x000002b4       0x34 ./RTD/src/Clock_Ip_IntOsc.o
 .ARM.attributes
                0x000002e8       0x34 ./RTD/src/Clock_Ip_Irq.o
 .ARM.attributes
                0x0000031c       0x34 ./RTD/src/Clock_Ip_Monitor.o
 .ARM.attributes
                0x00000350       0x34 ./RTD/src/Clock_Ip_Pll.o
 .ARM.attributes
                0x00000384       0x34 ./RTD/src/Clock_Ip_ProgFreqSwitch.o
 .ARM.attributes
                0x000003b8       0x34 ./RTD/src/Clock_Ip_Selector.o
 .ARM.attributes
                0x000003ec       0x34 ./RTD/src/Clock_Ip_Specific.o
 .ARM.attributes
                0x00000420       0x34 ./RTD/src/Det.o
 .ARM.attributes
                0x00000454       0x34 ./RTD/src/Det_stub.o
 .ARM.attributes
                0x00000488       0x34 ./RTD/src/Dio.o
 .ARM.attributes
                0x000004bc       0x34 ./RTD/src/Dio_Ipw.o
 .ARM.attributes
                0x000004f0       0x39 ./RTD/src/Igf_Port_Ip.o
 .ARM.attributes
                0x00000529       0x34 ./RTD/src/Mcu.o
 .ARM.attributes
                0x0000055d       0x39 ./RTD/src/Mcu_Dem_Wrapper.o
 .ARM.attributes
                0x00000596       0x34 ./RTD/src/Mcu_Ipw.o
 .ARM.attributes
                0x000005ca       0x39 ./RTD/src/OsIf_Interrupts.o
 .ARM.attributes
                0x00000603       0x34 ./RTD/src/OsIf_Timer.o
 .ARM.attributes
                0x00000637       0x39 ./RTD/src/OsIf_Timer_System.o
 .ARM.attributes
                0x00000670       0x34 ./RTD/src/OsIf_Timer_System_Internal_Systick.o
 .ARM.attributes
                0x000006a4       0x34 ./RTD/src/Port.o
 .ARM.attributes
                0x000006d8       0x34 ./RTD/src/Port_Ipw.o
 .ARM.attributes
                0x0000070c       0x34 ./RTD/src/Power_Ip.o
 .ARM.attributes
                0x00000740       0x39 ./RTD/src/Power_Ip_AEC.o
 .ARM.attributes
                0x00000779       0x34 ./RTD/src/Power_Ip_CortexM7.o
 .ARM.attributes
                0x000007ad       0x34 ./RTD/src/Power_Ip_DCM_GPR.o
 .ARM.attributes
                0x000007e1       0x34 ./RTD/src/Power_Ip_FLASH.o
 .ARM.attributes
                0x00000815       0x34 ./RTD/src/Power_Ip_MC_ME.o
 .ARM.attributes
                0x00000849       0x34 ./RTD/src/Power_Ip_MC_RGM.o
 .ARM.attributes
                0x0000087d       0x39 ./RTD/src/Power_Ip_MC_RGM_Irq.o
 .ARM.attributes
                0x000008b6       0x34 ./RTD/src/Power_Ip_PMC.o
 .ARM.attributes
                0x000008ea       0x39 ./RTD/src/Power_Ip_PMC_Irq.o
 .ARM.attributes
                0x00000923       0x34 ./RTD/src/Power_Ip_Private.o
 .ARM.attributes
                0x00000957       0x34 ./RTD/src/Ram_Ip.o
 .ARM.attributes
                0x0000098b       0x34 ./RTD/src/SchM_Dio.o
 .ARM.attributes
                0x000009bf       0x34 ./RTD/src/SchM_Mcu.o
 .ARM.attributes
                0x000009f3       0x34 ./RTD/src/SchM_Port.o
 .ARM.attributes
                0x00000a27       0x34 ./RTD/src/Siul2_Dio_Ip.o
 .ARM.attributes
                0x00000a5b       0x34 ./RTD/src/Siul2_Port_Ip.o
 .ARM.attributes
                0x00000a8f       0x34 ./RTD/src/Tspc_Port_Ip.o
 .ARM.attributes
                0x00000ac3       0x39 ./board/Siul2_Port_Ip_Cfg.o
 .ARM.attributes
                0x00000afc       0x39 ./board/Tspc_Port_Ip_Cfg.o
 .ARM.attributes
                0x00000b35       0x39 ./generate/src/Clock_Ip_BOARD_InitPeripherals_PBcfg.o
 .ARM.attributes
                0x00000b6e       0x39 ./generate/src/Clock_Ip_Cfg.o
 .ARM.attributes
                0x00000ba7       0x39 ./generate/src/Dio_Cfg.o
 .ARM.attributes
                0x00000be0       0x39 ./generate/src/Igf_Port_Ip_BOARD_InitPeripherals_PBcfg.o
 .ARM.attributes
                0x00000c19       0x39 ./generate/src/Igf_Port_Ip_Cfg.o
 .ARM.attributes
                0x00000c52       0x39 ./generate/src/Mcu_BOARD_InitPeripherals_PBcfg.o
 .ARM.attributes
                0x00000c8b       0x39 ./generate/src/Mcu_Cfg.o
 .ARM.attributes
                0x00000cc4       0x39 ./generate/src/OsIf_Cfg.o
 .ARM.attributes
                0x00000cfd       0x39 ./generate/src/Port_BOARD_InitPeripherals_PBcfg.o
 .ARM.attributes
                0x00000d36       0x39 ./generate/src/Port_Cfg.o
 .ARM.attributes
                0x00000d6f       0x39 ./generate/src/Power_Ip_BOARD_InitPeripherals_PBcfg.o
 .ARM.attributes
                0x00000da8       0x39 ./generate/src/Power_Ip_Cfg.o
 .ARM.attributes
                0x00000de1       0x39 ./generate/src/Ram_Ip_BOARD_InitPeripherals_PBcfg.o
 .ARM.attributes
                0x00000e1a       0x39 ./generate/src/Ram_Ip_Cfg.o
 .ARM.attributes
                0x00000e53       0x39 ./generate/src/Siul2_Port_Ip_BOARD_InitPeripherals_PBcfg.o
 .ARM.attributes
                0x00000e8c       0x39 ./generate/src/Tspc_Port_Ip_BOARD_InitPeripherals_PBcfg.o
 .ARM.attributes
                0x00000ec5       0x34 ./src/main.o
 .ARM.attributes
                0x00000ef9       0x34 c:/nxp/s32ds.3.5/s32ds/build_tools/gcc_v10.2/gcc-10.2-arm32-eabi/bin/../lib/gcc/arm-none-eabi/10.2.0/../../../../arm-none-eabi/lib/thumb/v7e-m+fp/hard\libc_nano.a(lib_a-memmove.o)
 .ARM.attributes
                0x00000f2d       0x34 c:/nxp/s32ds.3.5/s32ds/build_tools/gcc_v10.2/gcc-10.2-arm32-eabi/bin/../lib/gcc/arm-none-eabi/10.2.0/../../../../arm-none-eabi/lib/thumb/v7e-m+fp/hard\libc_nano.a(lib_a-memset.o)

.comment        0x00000000       0x88
 .comment       0x00000000       0x88 ./Project_Settings/Startup_Code/exceptions.o
                                 0x89 (size before relaxing)
 .comment       0x00000088       0x89 ./Project_Settings/Startup_Code/nvic.o
 .comment       0x00000088       0x89 ./Project_Settings/Startup_Code/startup.o
 .comment       0x00000088       0x89 ./Project_Settings/Startup_Code/system.o
 .comment       0x00000088       0x89 ./RTD/src/Clock_Ip.o
 .comment       0x00000088       0x89 ./RTD/src/Clock_Ip_Data.o
 .comment       0x00000088       0x89 ./RTD/src/Clock_Ip_Divider.o
 .comment       0x00000088       0x89 ./RTD/src/Clock_Ip_DividerTrigger.o
 .comment       0x00000088       0x89 ./RTD/src/Clock_Ip_ExtOsc.o
 .comment       0x00000088       0x89 ./RTD/src/Clock_Ip_FracDiv.o
 .comment       0x00000088       0x89 ./RTD/src/Clock_Ip_Frequency.o
 .comment       0x00000088       0x89 ./RTD/src/Clock_Ip_Gate.o
 .comment       0x00000088       0x89 ./RTD/src/Clock_Ip_IntOsc.o
 .comment       0x00000088       0x89 ./RTD/src/Clock_Ip_Irq.o
 .comment       0x00000088       0x89 ./RTD/src/Clock_Ip_Monitor.o
 .comment       0x00000088       0x89 ./RTD/src/Clock_Ip_Pll.o
 .comment       0x00000088       0x89 ./RTD/src/Clock_Ip_ProgFreqSwitch.o
 .comment       0x00000088       0x89 ./RTD/src/Clock_Ip_Selector.o
 .comment       0x00000088       0x89 ./RTD/src/Clock_Ip_Specific.o
 .comment       0x00000088       0x89 ./RTD/src/Det.o
 .comment       0x00000088       0x89 ./RTD/src/Det_stub.o
 .comment       0x00000088       0x89 ./RTD/src/Dio.o
 .comment       0x00000088       0x89 ./RTD/src/Dio_Ipw.o
 .comment       0x00000088       0x89 ./RTD/src/Igf_Port_Ip.o
 .comment       0x00000088       0x89 ./RTD/src/Mcu.o
 .comment       0x00000088       0x89 ./RTD/src/Mcu_Dem_Wrapper.o
 .comment       0x00000088       0x89 ./RTD/src/Mcu_Ipw.o
 .comment       0x00000088       0x89 ./RTD/src/OsIf_Interrupts.o
 .comment       0x00000088       0x89 ./RTD/src/OsIf_Timer.o
 .comment       0x00000088       0x89 ./RTD/src/OsIf_Timer_System.o
 .comment       0x00000088       0x89 ./RTD/src/OsIf_Timer_System_Internal_Systick.o
 .comment       0x00000088       0x89 ./RTD/src/Port.o
 .comment       0x00000088       0x89 ./RTD/src/Port_Ipw.o
 .comment       0x00000088       0x89 ./RTD/src/Power_Ip.o
 .comment       0x00000088       0x89 ./RTD/src/Power_Ip_AEC.o
 .comment       0x00000088       0x89 ./RTD/src/Power_Ip_CortexM7.o
 .comment       0x00000088       0x89 ./RTD/src/Power_Ip_DCM_GPR.o
 .comment       0x00000088       0x89 ./RTD/src/Power_Ip_FLASH.o
 .comment       0x00000088       0x89 ./RTD/src/Power_Ip_MC_ME.o
 .comment       0x00000088       0x89 ./RTD/src/Power_Ip_MC_RGM.o
 .comment       0x00000088       0x89 ./RTD/src/Power_Ip_MC_RGM_Irq.o
 .comment       0x00000088       0x89 ./RTD/src/Power_Ip_PMC.o
 .comment       0x00000088       0x89 ./RTD/src/Power_Ip_PMC_Irq.o
 .comment       0x00000088       0x89 ./RTD/src/Power_Ip_Private.o
 .comment       0x00000088       0x89 ./RTD/src/Ram_Ip.o
 .comment       0x00000088       0x89 ./RTD/src/SchM_Dio.o
 .comment       0x00000088       0x89 ./RTD/src/SchM_Mcu.o
 .comment       0x00000088       0x89 ./RTD/src/SchM_Port.o
 .comment       0x00000088       0x89 ./RTD/src/Siul2_Dio_Ip.o
 .comment       0x00000088       0x89 ./RTD/src/Siul2_Port_Ip.o
 .comment       0x00000088       0x89 ./RTD/src/Tspc_Port_Ip.o
 .comment       0x00000088       0x89 ./board/Siul2_Port_Ip_Cfg.o
 .comment       0x00000088       0x89 ./board/Tspc_Port_Ip_Cfg.o
 .comment       0x00000088       0x89 ./generate/src/Clock_Ip_BOARD_InitPeripherals_PBcfg.o
 .comment       0x00000088       0x89 ./generate/src/Clock_Ip_Cfg.o
 .comment       0x00000088       0x89 ./generate/src/Dio_Cfg.o
 .comment       0x00000088       0x89 ./generate/src/Igf_Port_Ip_BOARD_InitPeripherals_PBcfg.o
 .comment       0x00000088       0x89 ./generate/src/Igf_Port_Ip_Cfg.o
 .comment       0x00000088       0x89 ./generate/src/Mcu_BOARD_InitPeripherals_PBcfg.o
 .comment       0x00000088       0x89 ./generate/src/Mcu_Cfg.o
 .comment       0x00000088       0x89 ./generate/src/OsIf_Cfg.o
 .comment       0x00000088       0x89 ./generate/src/Port_BOARD_InitPeripherals_PBcfg.o
 .comment       0x00000088       0x89 ./generate/src/Port_Cfg.o
 .comment       0x00000088       0x89 ./generate/src/Power_Ip_BOARD_InitPeripherals_PBcfg.o
 .comment       0x00000088       0x89 ./generate/src/Power_Ip_Cfg.o
 .comment       0x00000088       0x89 ./generate/src/Ram_Ip_BOARD_InitPeripherals_PBcfg.o
 .comment       0x00000088       0x89 ./generate/src/Ram_Ip_Cfg.o
 .comment       0x00000088       0x89 ./generate/src/Siul2_Port_Ip_BOARD_InitPeripherals_PBcfg.o
 .comment       0x00000088       0x89 ./generate/src/Tspc_Port_Ip_BOARD_InitPeripherals_PBcfg.o
 .comment       0x00000088       0x89 ./src/main.o
 .comment       0x00000088       0x89 c:/nxp/s32ds.3.5/s32ds/build_tools/gcc_v10.2/gcc-10.2-arm32-eabi/bin/../lib/gcc/arm-none-eabi/10.2.0/../../../../arm-none-eabi/lib/thumb/v7e-m+fp/hard\libc_nano.a(lib_a-memmove.o)
 .comment       0x00000088       0x89 c:/nxp/s32ds.3.5/s32ds/build_tools/gcc_v10.2/gcc-10.2-arm32-eabi/bin/../lib/gcc/arm-none-eabi/10.2.0/../../../../arm-none-eabi/lib/thumb/v7e-m+fp/hard\libc_nano.a(lib_a-memset.o)

.debug_info     0x00000000    0x28ee6
 .debug_info    0x00000000      0x139 ./Project_Settings/Startup_Code/exceptions.o
 .debug_info    0x00000139      0x76a ./Project_Settings/Startup_Code/nvic.o
 .debug_info    0x000008a3      0x36f ./Project_Settings/Startup_Code/startup.o
 .debug_info    0x00000c12       0x22 ./Project_Settings/Startup_Code/startup_cm7.o
 .debug_info    0x00000c34      0xc18 ./Project_Settings/Startup_Code/system.o
 .debug_info    0x0000184c     0x1f4e ./RTD/src/Clock_Ip.o
 .debug_info    0x0000379a     0x1634 ./RTD/src/Clock_Ip_Data.o
 .debug_info    0x00004dce      0x9ca ./RTD/src/Clock_Ip_Divider.o
 .debug_info    0x00005798      0x7a8 ./RTD/src/Clock_Ip_DividerTrigger.o
 .debug_info    0x00005f40      0xa57 ./RTD/src/Clock_Ip_ExtOsc.o
 .debug_info    0x00006997      0x56b ./RTD/src/Clock_Ip_FracDiv.o
 .debug_info    0x00006f02      0x3d9 ./RTD/src/Clock_Ip_Frequency.o
 .debug_info    0x000072db      0x98c ./RTD/src/Clock_Ip_Gate.o
 .debug_info    0x00007c67      0xd0d ./RTD/src/Clock_Ip_IntOsc.o
 .debug_info    0x00008974       0xb2 ./RTD/src/Clock_Ip_Irq.o
 .debug_info    0x00008a26     0x1333 ./RTD/src/Clock_Ip_Monitor.o
 .debug_info    0x00009d59      0xa77 ./RTD/src/Clock_Ip_Pll.o
 .debug_info    0x0000a7d0      0xf48 ./RTD/src/Clock_Ip_ProgFreqSwitch.o
 .debug_info    0x0000b718      0xfef ./RTD/src/Clock_Ip_Selector.o
 .debug_info    0x0000c707     0x188e ./RTD/src/Clock_Ip_Specific.o
 .debug_info    0x0000df95      0x420 ./RTD/src/Det.o
 .debug_info    0x0000e3b5      0x471 ./RTD/src/Det_stub.o
 .debug_info    0x0000e826      0xb0e ./RTD/src/Dio.o
 .debug_info    0x0000f334      0x807 ./RTD/src/Dio_Ipw.o
 .debug_info    0x0000fb3b       0x7d ./RTD/src/Igf_Port_Ip.o
 .debug_info    0x0000fbb8     0x154c ./RTD/src/Mcu.o
 .debug_info    0x00011104       0x7d ./RTD/src/Mcu_Dem_Wrapper.o
 .debug_info    0x00011181     0x1445 ./RTD/src/Mcu_Ipw.o
 .debug_info    0x000125c6       0x7d ./RTD/src/OsIf_Interrupts.o
 .debug_info    0x00012643      0x2c7 ./RTD/src/OsIf_Timer.o
 .debug_info    0x0001290a       0x7d ./RTD/src/OsIf_Timer_System.o
 .debug_info    0x00012987      0x196 ./RTD/src/OsIf_Timer_System_Internal_Systick.o
 .debug_info    0x00012b1d     0x2095 ./RTD/src/Port.o
 .debug_info    0x00014bb2     0x2a7d ./RTD/src/Port_Ipw.o
 .debug_info    0x0001762f      0x999 ./RTD/src/Power_Ip.o
 .debug_info    0x00017fc8       0x7d ./RTD/src/Power_Ip_AEC.o
 .debug_info    0x00018045      0x56e ./RTD/src/Power_Ip_CortexM7.o
 .debug_info    0x000185b3      0x508 ./RTD/src/Power_Ip_DCM_GPR.o
 .debug_info    0x00018abb      0x31d ./RTD/src/Power_Ip_FLASH.o
 .debug_info    0x00018dd8      0xe3d ./RTD/src/Power_Ip_MC_ME.o
 .debug_info    0x00019c15      0xa82 ./RTD/src/Power_Ip_MC_RGM.o
 .debug_info    0x0001a697       0x7d ./RTD/src/Power_Ip_MC_RGM_Irq.o
 .debug_info    0x0001a714      0x351 ./RTD/src/Power_Ip_PMC.o
 .debug_info    0x0001aa65       0x7d ./RTD/src/Power_Ip_PMC_Irq.o
 .debug_info    0x0001aae2      0x323 ./RTD/src/Power_Ip_Private.o
 .debug_info    0x0001ae05      0x26c ./RTD/src/Ram_Ip.o
 .debug_info    0x0001b071      0x2ce ./RTD/src/SchM_Dio.o
 .debug_info    0x0001b33f      0x39b ./RTD/src/SchM_Mcu.o
 .debug_info    0x0001b6da     0x17a0 ./RTD/src/SchM_Port.o
 .debug_info    0x0001ce7a     0x1af3 ./RTD/src/Siul2_Dio_Ip.o
 .debug_info    0x0001e96d     0x2699 ./RTD/src/Siul2_Port_Ip.o
 .debug_info    0x00021006      0x2b5 ./RTD/src/Tspc_Port_Ip.o
 .debug_info    0x000212bb       0x7d ./board/Siul2_Port_Ip_Cfg.o
 .debug_info    0x00021338       0x7d ./board/Tspc_Port_Ip_Cfg.o
 .debug_info    0x000213b5      0xd9c ./generate/src/Clock_Ip_BOARD_InitPeripherals_PBcfg.o
 .debug_info    0x00022151       0x7d ./generate/src/Clock_Ip_Cfg.o
 .debug_info    0x000221ce      0x2db ./generate/src/Dio_Cfg.o
 .debug_info    0x000224a9       0x7d ./generate/src/Igf_Port_Ip_BOARD_InitPeripherals_PBcfg.o
 .debug_info    0x00022526       0x7d ./generate/src/Igf_Port_Ip_Cfg.o
 .debug_info    0x000225a3     0x10e1 ./generate/src/Mcu_BOARD_InitPeripherals_PBcfg.o
 .debug_info    0x00023684       0x7d ./generate/src/Mcu_Cfg.o
 .debug_info    0x00023701       0x7d ./generate/src/OsIf_Cfg.o
 .debug_info    0x0002377e     0x1ed5 ./generate/src/Port_BOARD_InitPeripherals_PBcfg.o
 .debug_info    0x00025653      0x360 ./generate/src/Port_Cfg.o
 .debug_info    0x000259b3      0x5ba ./generate/src/Power_Ip_BOARD_InitPeripherals_PBcfg.o
 .debug_info    0x00025f6d       0x7d ./generate/src/Power_Ip_Cfg.o
 .debug_info    0x00025fea       0x7d ./generate/src/Ram_Ip_BOARD_InitPeripherals_PBcfg.o
 .debug_info    0x00026067       0x7d ./generate/src/Ram_Ip_Cfg.o
 .debug_info    0x000260e4     0x1aef ./generate/src/Siul2_Port_Ip_BOARD_InitPeripherals_PBcfg.o
 .debug_info    0x00027bd3      0x129 ./generate/src/Tspc_Port_Ip_BOARD_InitPeripherals_PBcfg.o
 .debug_info    0x00027cfc     0x11ea ./src/main.o

.debug_abbrev   0x00000000     0x5a89
 .debug_abbrev  0x00000000       0x47 ./Project_Settings/Startup_Code/exceptions.o
 .debug_abbrev  0x00000047      0x102 ./Project_Settings/Startup_Code/nvic.o
 .debug_abbrev  0x00000149      0x119 ./Project_Settings/Startup_Code/startup.o
 .debug_abbrev  0x00000262       0x12 ./Project_Settings/Startup_Code/startup_cm7.o
 .debug_abbrev  0x00000274      0x229 ./Project_Settings/Startup_Code/system.o
 .debug_abbrev  0x0000049d      0x39d ./RTD/src/Clock_Ip.o
 .debug_abbrev  0x0000083a      0x14c ./RTD/src/Clock_Ip_Data.o
 .debug_abbrev  0x00000986      0x21e ./RTD/src/Clock_Ip_Divider.o
 .debug_abbrev  0x00000ba4      0x1b0 ./RTD/src/Clock_Ip_DividerTrigger.o
 .debug_abbrev  0x00000d54      0x283 ./RTD/src/Clock_Ip_ExtOsc.o
 .debug_abbrev  0x00000fd7      0x163 ./RTD/src/Clock_Ip_FracDiv.o
 .debug_abbrev  0x0000113a       0x92 ./RTD/src/Clock_Ip_Frequency.o
 .debug_abbrev  0x000011cc      0x1ac ./RTD/src/Clock_Ip_Gate.o
 .debug_abbrev  0x00001378      0x25d ./RTD/src/Clock_Ip_IntOsc.o
 .debug_abbrev  0x000015d5       0x6a ./RTD/src/Clock_Ip_Irq.o
 .debug_abbrev  0x0000163f      0x27d ./RTD/src/Clock_Ip_Monitor.o
 .debug_abbrev  0x000018bc      0x231 ./RTD/src/Clock_Ip_Pll.o
 .debug_abbrev  0x00001aed      0x1aa ./RTD/src/Clock_Ip_ProgFreqSwitch.o
 .debug_abbrev  0x00001c97      0x2f8 ./RTD/src/Clock_Ip_Selector.o
 .debug_abbrev  0x00001f8f      0x31b ./RTD/src/Clock_Ip_Specific.o
 .debug_abbrev  0x000022aa      0x14e ./RTD/src/Det.o
 .debug_abbrev  0x000023f8       0xc5 ./RTD/src/Det_stub.o
 .debug_abbrev  0x000024bd      0x26e ./RTD/src/Dio.o
 .debug_abbrev  0x0000272b      0x247 ./RTD/src/Dio_Ipw.o
 .debug_abbrev  0x00002972       0x29 ./RTD/src/Igf_Port_Ip.o
 .debug_abbrev  0x0000299b      0x1cb ./RTD/src/Mcu.o
 .debug_abbrev  0x00002b66       0x29 ./RTD/src/Mcu_Dem_Wrapper.o
 .debug_abbrev  0x00002b8f      0x1a2 ./RTD/src/Mcu_Ipw.o
 .debug_abbrev  0x00002d31       0x29 ./RTD/src/OsIf_Interrupts.o
 .debug_abbrev  0x00002d5a      0x1a7 ./RTD/src/OsIf_Timer.o
 .debug_abbrev  0x00002f01       0x29 ./RTD/src/OsIf_Timer_System.o
 .debug_abbrev  0x00002f2a      0x125 ./RTD/src/OsIf_Timer_System_Internal_Systick.o
 .debug_abbrev  0x0000304f      0x296 ./RTD/src/Port.o
 .debug_abbrev  0x000032e5      0x339 ./RTD/src/Port_Ipw.o
 .debug_abbrev  0x0000361e      0x259 ./RTD/src/Power_Ip.o
 .debug_abbrev  0x00003877       0x29 ./RTD/src/Power_Ip_AEC.o
 .debug_abbrev  0x000038a0       0xc1 ./RTD/src/Power_Ip_CortexM7.o
 .debug_abbrev  0x00003961      0x11d ./RTD/src/Power_Ip_DCM_GPR.o
 .debug_abbrev  0x00003a7e       0xce ./RTD/src/Power_Ip_FLASH.o
 .debug_abbrev  0x00003b4c      0x2ef ./RTD/src/Power_Ip_MC_ME.o
 .debug_abbrev  0x00003e3b      0x2a4 ./RTD/src/Power_Ip_MC_RGM.o
 .debug_abbrev  0x000040df       0x29 ./RTD/src/Power_Ip_MC_RGM_Irq.o
 .debug_abbrev  0x00004108      0x16b ./RTD/src/Power_Ip_PMC.o
 .debug_abbrev  0x00004273       0x29 ./RTD/src/Power_Ip_PMC_Irq.o
 .debug_abbrev  0x0000429c      0x15c ./RTD/src/Power_Ip_Private.o
 .debug_abbrev  0x000043f8       0xe0 ./RTD/src/Ram_Ip.o
 .debug_abbrev  0x000044d8      0x124 ./RTD/src/SchM_Dio.o
 .debug_abbrev  0x000045fc      0x124 ./RTD/src/SchM_Mcu.o
 .debug_abbrev  0x00004720      0x124 ./RTD/src/SchM_Port.o
 .debug_abbrev  0x00004844      0x271 ./RTD/src/Siul2_Dio_Ip.o
 .debug_abbrev  0x00004ab5      0x35c ./RTD/src/Siul2_Port_Ip.o
 .debug_abbrev  0x00004e11      0x11a ./RTD/src/Tspc_Port_Ip.o
 .debug_abbrev  0x00004f2b       0x29 ./board/Siul2_Port_Ip_Cfg.o
 .debug_abbrev  0x00004f54       0x29 ./board/Tspc_Port_Ip_Cfg.o
 .debug_abbrev  0x00004f7d      0x103 ./generate/src/Clock_Ip_BOARD_InitPeripherals_PBcfg.o
 .debug_abbrev  0x00005080       0x29 ./generate/src/Clock_Ip_Cfg.o
 .debug_abbrev  0x000050a9       0xcd ./generate/src/Dio_Cfg.o
 .debug_abbrev  0x00005176       0x29 ./generate/src/Igf_Port_Ip_BOARD_InitPeripherals_PBcfg.o
 .debug_abbrev  0x0000519f       0x29 ./generate/src/Igf_Port_Ip_Cfg.o
 .debug_abbrev  0x000051c8       0xff ./generate/src/Mcu_BOARD_InitPeripherals_PBcfg.o
 .debug_abbrev  0x000052c7       0x29 ./generate/src/Mcu_Cfg.o
 .debug_abbrev  0x000052f0       0x29 ./generate/src/OsIf_Cfg.o
 .debug_abbrev  0x00005319      0x18e ./generate/src/Port_BOARD_InitPeripherals_PBcfg.o
 .debug_abbrev  0x000054a7       0xd6 ./generate/src/Port_Cfg.o
 .debug_abbrev  0x0000557d      0x11f ./generate/src/Power_Ip_BOARD_InitPeripherals_PBcfg.o
 .debug_abbrev  0x0000569c       0x29 ./generate/src/Power_Ip_Cfg.o
 .debug_abbrev  0x000056c5       0x29 ./generate/src/Ram_Ip_BOARD_InitPeripherals_PBcfg.o
 .debug_abbrev  0x000056ee       0x29 ./generate/src/Ram_Ip_Cfg.o
 .debug_abbrev  0x00005717      0x146 ./generate/src/Siul2_Port_Ip_BOARD_InitPeripherals_PBcfg.o
 .debug_abbrev  0x0000585d       0x93 ./generate/src/Tspc_Port_Ip_BOARD_InitPeripherals_PBcfg.o
 .debug_abbrev  0x000058f0      0x199 ./src/main.o

.debug_aranges  0x00000000     0x1010
 .debug_aranges
                0x00000000       0x68 ./Project_Settings/Startup_Code/exceptions.o
 .debug_aranges
                0x00000068       0x38 ./Project_Settings/Startup_Code/nvic.o
 .debug_aranges
                0x000000a0       0x28 ./Project_Settings/Startup_Code/startup.o
 .debug_aranges
                0x000000c8       0x28 ./Project_Settings/Startup_Code/startup_cm7.o
 .debug_aranges
                0x000000f0       0x38 ./Project_Settings/Startup_Code/system.o
 .debug_aranges
                0x00000128       0x98 ./RTD/src/Clock_Ip.o
 .debug_aranges
                0x000001c0       0x18 ./RTD/src/Clock_Ip_Data.o
 .debug_aranges
                0x000001d8       0x38 ./RTD/src/Clock_Ip_Divider.o
 .debug_aranges
                0x00000210       0x30 ./RTD/src/Clock_Ip_DividerTrigger.o
 .debug_aranges
                0x00000240       0x60 ./RTD/src/Clock_Ip_ExtOsc.o
 .debug_aranges
                0x000002a0       0x28 ./RTD/src/Clock_Ip_FracDiv.o
 .debug_aranges
                0x000002c8       0x20 ./RTD/src/Clock_Ip_Frequency.o
 .debug_aranges
                0x000002e8       0x38 ./RTD/src/Clock_Ip_Gate.o
 .debug_aranges
                0x00000320       0x60 ./RTD/src/Clock_Ip_IntOsc.o
 .debug_aranges
                0x00000380       0x20 ./RTD/src/Clock_Ip_Irq.o
 .debug_aranges
                0x000003a0       0x60 ./RTD/src/Clock_Ip_Monitor.o
 .debug_aranges
                0x00000400       0x50 ./RTD/src/Clock_Ip_Pll.o
 .debug_aranges
                0x00000450       0x28 ./RTD/src/Clock_Ip_ProgFreqSwitch.o
 .debug_aranges
                0x00000478       0x58 ./RTD/src/Clock_Ip_Selector.o
 .debug_aranges
                0x000004d0       0x78 ./RTD/src/Clock_Ip_Specific.o
 .debug_aranges
                0x00000548       0x38 ./RTD/src/Det.o
 .debug_aranges
                0x00000580       0x48 ./RTD/src/Det_stub.o
 .debug_aranges
                0x000005c8       0x60 ./RTD/src/Dio.o
 .debug_aranges
                0x00000628       0x50 ./RTD/src/Dio_Ipw.o
 .debug_aranges
                0x00000678       0x18 ./RTD/src/Igf_Port_Ip.o
 .debug_aranges
                0x00000690       0x70 ./RTD/src/Mcu.o
 .debug_aranges
                0x00000700       0x18 ./RTD/src/Mcu_Dem_Wrapper.o
 .debug_aranges
                0x00000718       0x68 ./RTD/src/Mcu_Ipw.o
 .debug_aranges
                0x00000780       0x18 ./RTD/src/OsIf_Interrupts.o
 .debug_aranges
                0x00000798       0x40 ./RTD/src/OsIf_Timer.o
 .debug_aranges
                0x000007d8       0x18 ./RTD/src/OsIf_Timer_System.o
 .debug_aranges
                0x000007f0       0x30 ./RTD/src/OsIf_Timer_System_Internal_Systick.o
 .debug_aranges
                0x00000820       0x40 ./RTD/src/Port.o
 .debug_aranges
                0x00000860       0x30 ./RTD/src/Port_Ipw.o
 .debug_aranges
                0x00000890       0x60 ./RTD/src/Power_Ip.o
 .debug_aranges
                0x000008f0       0x18 ./RTD/src/Power_Ip_AEC.o
 .debug_aranges
                0x00000908       0x38 ./RTD/src/Power_Ip_CortexM7.o
 .debug_aranges
                0x00000940       0x28 ./RTD/src/Power_Ip_DCM_GPR.o
 .debug_aranges
                0x00000968       0x20 ./RTD/src/Power_Ip_FLASH.o
 .debug_aranges
                0x00000988       0x60 ./RTD/src/Power_Ip_MC_ME.o
 .debug_aranges
                0x000009e8       0x48 ./RTD/src/Power_Ip_MC_RGM.o
 .debug_aranges
                0x00000a30       0x18 ./RTD/src/Power_Ip_MC_RGM_Irq.o
 .debug_aranges
                0x00000a48       0x28 ./RTD/src/Power_Ip_PMC.o
 .debug_aranges
                0x00000a70       0x18 ./RTD/src/Power_Ip_PMC_Irq.o
 .debug_aranges
                0x00000a88       0x38 ./RTD/src/Power_Ip_Private.o
 .debug_aranges
                0x00000ac0       0x20 ./RTD/src/Ram_Ip.o
 .debug_aranges
                0x00000ae0       0x40 ./RTD/src/SchM_Dio.o
 .debug_aranges
                0x00000b20       0x50 ./RTD/src/SchM_Mcu.o
 .debug_aranges
                0x00000b70      0x1e0 ./RTD/src/SchM_Port.o
 .debug_aranges
                0x00000d50       0x68 ./RTD/src/Siul2_Dio_Ip.o
 .debug_aranges
                0x00000db8       0x58 ./RTD/src/Siul2_Port_Ip.o
 .debug_aranges
                0x00000e10       0x28 ./RTD/src/Tspc_Port_Ip.o
 .debug_aranges
                0x00000e38       0x18 ./board/Siul2_Port_Ip_Cfg.o
 .debug_aranges
                0x00000e50       0x18 ./board/Tspc_Port_Ip_Cfg.o
 .debug_aranges
                0x00000e68       0x18 ./generate/src/Clock_Ip_BOARD_InitPeripherals_PBcfg.o
 .debug_aranges
                0x00000e80       0x18 ./generate/src/Clock_Ip_Cfg.o
 .debug_aranges
                0x00000e98       0x18 ./generate/src/Dio_Cfg.o
 .debug_aranges
                0x00000eb0       0x18 ./generate/src/Igf_Port_Ip_BOARD_InitPeripherals_PBcfg.o
 .debug_aranges
                0x00000ec8       0x18 ./generate/src/Igf_Port_Ip_Cfg.o
 .debug_aranges
                0x00000ee0       0x18 ./generate/src/Mcu_BOARD_InitPeripherals_PBcfg.o
 .debug_aranges
                0x00000ef8       0x18 ./generate/src/Mcu_Cfg.o
 .debug_aranges
                0x00000f10       0x18 ./generate/src/OsIf_Cfg.o
 .debug_aranges
                0x00000f28       0x18 ./generate/src/Port_BOARD_InitPeripherals_PBcfg.o
 .debug_aranges
                0x00000f40       0x18 ./generate/src/Port_Cfg.o
 .debug_aranges
                0x00000f58       0x18 ./generate/src/Power_Ip_BOARD_InitPeripherals_PBcfg.o
 .debug_aranges
                0x00000f70       0x18 ./generate/src/Power_Ip_Cfg.o
 .debug_aranges
                0x00000f88       0x18 ./generate/src/Ram_Ip_BOARD_InitPeripherals_PBcfg.o
 .debug_aranges
                0x00000fa0       0x18 ./generate/src/Ram_Ip_Cfg.o
 .debug_aranges
                0x00000fb8       0x18 ./generate/src/Siul2_Port_Ip_BOARD_InitPeripherals_PBcfg.o
 .debug_aranges
                0x00000fd0       0x18 ./generate/src/Tspc_Port_Ip_BOARD_InitPeripherals_PBcfg.o
 .debug_aranges
                0x00000fe8       0x28 ./src/main.o

.debug_ranges   0x00000000      0xec0
 .debug_ranges  0x00000000       0x58 ./Project_Settings/Startup_Code/exceptions.o
 .debug_ranges  0x00000058       0x28 ./Project_Settings/Startup_Code/nvic.o
 .debug_ranges  0x00000080       0x18 ./Project_Settings/Startup_Code/startup.o
 .debug_ranges  0x00000098       0x20 ./Project_Settings/Startup_Code/startup_cm7.o
 .debug_ranges  0x000000b8       0x78 ./Project_Settings/Startup_Code/system.o
 .debug_ranges  0x00000130      0x110 ./RTD/src/Clock_Ip.o
 .debug_ranges  0x00000240       0x28 ./RTD/src/Clock_Ip_Divider.o
 .debug_ranges  0x00000268       0x20 ./RTD/src/Clock_Ip_DividerTrigger.o
 .debug_ranges  0x00000288       0x50 ./RTD/src/Clock_Ip_ExtOsc.o
 .debug_ranges  0x000002d8       0x18 ./RTD/src/Clock_Ip_FracDiv.o
 .debug_ranges  0x000002f0       0x10 ./RTD/src/Clock_Ip_Frequency.o
 .debug_ranges  0x00000300       0x28 ./RTD/src/Clock_Ip_Gate.o
 .debug_ranges  0x00000328       0x50 ./RTD/src/Clock_Ip_IntOsc.o
 .debug_ranges  0x00000378       0x10 ./RTD/src/Clock_Ip_Irq.o
 .debug_ranges  0x00000388       0x50 ./RTD/src/Clock_Ip_Monitor.o
 .debug_ranges  0x000003d8       0x40 ./RTD/src/Clock_Ip_Pll.o
 .debug_ranges  0x00000418       0x18 ./RTD/src/Clock_Ip_ProgFreqSwitch.o
 .debug_ranges  0x00000430       0x78 ./RTD/src/Clock_Ip_Selector.o
 .debug_ranges  0x000004a8       0x80 ./RTD/src/Clock_Ip_Specific.o
 .debug_ranges  0x00000528       0x28 ./RTD/src/Det.o
 .debug_ranges  0x00000550       0x38 ./RTD/src/Det_stub.o
 .debug_ranges  0x00000588      0x130 ./RTD/src/Dio.o
 .debug_ranges  0x000006b8       0xc0 ./RTD/src/Dio_Ipw.o
 .debug_ranges  0x00000778       0x60 ./RTD/src/Mcu.o
 .debug_ranges  0x000007d8       0x58 ./RTD/src/Mcu_Ipw.o
 .debug_ranges  0x00000830       0x30 ./RTD/src/OsIf_Timer.o
 .debug_ranges  0x00000860       0x20 ./RTD/src/OsIf_Timer_System_Internal_Systick.o
 .debug_ranges  0x00000880       0x30 ./RTD/src/Port.o
 .debug_ranges  0x000008b0       0x90 ./RTD/src/Port_Ipw.o
 .debug_ranges  0x00000940       0x68 ./RTD/src/Power_Ip.o
 .debug_ranges  0x000009a8       0x28 ./RTD/src/Power_Ip_CortexM7.o
 .debug_ranges  0x000009d0       0x18 ./RTD/src/Power_Ip_DCM_GPR.o
 .debug_ranges  0x000009e8       0x10 ./RTD/src/Power_Ip_FLASH.o
 .debug_ranges  0x000009f8       0x88 ./RTD/src/Power_Ip_MC_ME.o